[0.008s] Invoking command in '/home/yilmaz/ros2_ws/build/my_package': CMAKE_PREFIX_PATH=${CMAKE_PREFIX_PATH}:/opt/ros/jazzy DEBUGINFOD_URLS=https://debuginfod.ubuntu.com /usr/bin/cmake --build /home/yilmaz/ros2_ws/build/my_package -- -j16 -l16
[0.023s] -- Found ament_cmake: 2.5.4 (/opt/ros/jazzy/share/ament_cmake/cmake)
[0.186s] -- Found ament_lint_auto: 0.17.2 (/opt/ros/jazzy/share/ament_lint_auto/cmake)
[0.250s] -- Added test 'cppcheck' to perform static code analysis on C / C++ code
[0.251s] -- Configured cppcheck include dirs: $<BUILD_INTERFACE:/home/yilmaz/ros2_ws/src/my_package/include>
[0.251s] -- Configured cppcheck exclude dirs and/or files: 
[0.251s] -- Added test 'lint_cmake' to check CMake code style
[0.251s] -- Added test 'uncrustify' to check C / C++ code style
[0.251s] -- Configured uncrustify additional arguments: 
[0.252s] -- Added test 'xmllint' to check XML markup files
[0.252s] -- Configuring done (0.2s)
[0.255s] -- Generating done (0.0s)
[0.256s] -- Build files have been written to: /home/yilmaz/ros2_ws/build/my_package
[0.277s] [100%] Built target my_node
[0.284s] Invoked command in '/home/yilmaz/ros2_ws/build/my_package' returned '0': CMAKE_PREFIX_PATH=${CMAKE_PREFIX_PATH}:/opt/ros/jazzy DEBUGINFOD_URLS=https://debuginfod.ubuntu.com /usr/bin/cmake --build /home/yilmaz/ros2_ws/build/my_package -- -j16 -l16
[0.284s] Invoking command in '/home/yilmaz/ros2_ws/build/my_package': CMAKE_PREFIX_PATH=${CMAKE_PREFIX_PATH}:/opt/ros/jazzy DEBUGINFOD_URLS=https://debuginfod.ubuntu.com /usr/bin/cmake --install /home/yilmaz/ros2_ws/build/my_package
[0.289s] -- Install configuration: ""
[0.289s] -- Up-to-date: /home/yilmaz/ros2_ws/install/my_package/lib/my_package/my_node
[0.289s] -- Up-to-date: /home/yilmaz/ros2_ws/install/my_package/share/ament_index/resource_index/package_run_dependencies/my_package
[0.289s] -- Installing: /home/yilmaz/ros2_ws/install/my_package/share/ament_index/resource_index/parent_prefix_path/my_package
[0.289s] -- Up-to-date: /home/yilmaz/ros2_ws/install/my_package/share/my_package/environment/ament_prefix_path.sh
[0.289s] -- Up-to-date: /home/yilmaz/ros2_ws/install/my_package/share/my_package/environment/ament_prefix_path.dsv
[0.289s] -- Up-to-date: /home/yilmaz/ros2_ws/install/my_package/share/my_package/environment/path.sh
[0.289s] -- Up-to-date: /home/yilmaz/ros2_ws/install/my_package/share/my_package/environment/path.dsv
[0.289s] -- Up-to-date: /home/yilmaz/ros2_ws/install/my_package/share/my_package/local_setup.bash
[0.289s] -- Up-to-date: /home/yilmaz/ros2_ws/install/my_package/share/my_package/local_setup.sh
[0.289s] -- Up-to-date: /home/yilmaz/ros2_ws/install/my_package/share/my_package/local_setup.zsh
[0.289s] -- Up-to-date: /home/yilmaz/ros2_ws/install/my_package/share/my_package/local_setup.dsv
[0.289s] -- Up-to-date: /home/yilmaz/ros2_ws/install/my_package/share/my_package/package.dsv
[0.289s] -- Up-to-date: /home/yilmaz/ros2_ws/install/my_package/share/ament_index/resource_index/packages/my_package
[0.290s] -- Up-to-date: /home/yilmaz/ros2_ws/install/my_package/share/my_package/cmake/my_packageConfig.cmake
[0.290s] -- Up-to-date: /home/yilmaz/ros2_ws/install/my_package/share/my_package/cmake/my_packageConfig-version.cmake
[0.290s] -- Installing: /home/yilmaz/ros2_ws/install/my_package/share/my_package/package.xml
[0.290s] Invoked command in '/home/yilmaz/ros2_ws/build/my_package' returned '0': CMAKE_PREFIX_PATH=${CMAKE_PREFIX_PATH}:/opt/ros/jazzy DEBUGINFOD_URLS=https://debuginfod.ubuntu.com /usr/bin/cmake --install /home/yilmaz/ros2_ws/build/my_package
