[0.011s] Invoking command in '/home/yilmaz/ros2_ws/build/cpp_pubsub': CMAKE_PREFIX_PATH=${CMAKE_PREFIX_PATH}:/opt/ros/jazzy DEBUGINFOD_URLS=https://debuginfod.ubuntu.com /usr/bin/cmake --build /home/yilmaz/ros2_ws/build/cpp_pubsub -- -j16 -l16
[0.027s] -- Found ament_cmake: 2.5.4 (/opt/ros/jazzy/share/ament_cmake/cmake)
[0.163s] -- Found rclcpp: 28.1.10 (/opt/ros/jazzy/share/rclcpp/cmake)
[0.180s] -- Found rosidl_generator_c: 4.6.5 (/opt/ros/jazzy/share/rosidl_generator_c/cmake)
[0.186s] -- Found rosidl_generator_cpp: 4.6.5 (/opt/ros/jazzy/share/rosidl_generator_cpp/cmake)
[0.193s] -- Using all available rosidl_typesupport_c: rosidl_typesupport_fastrtps_c;rosidl_typesupport_introspection_c
[0.202s] -- Using all available rosidl_typesupport_cpp: rosidl_typesupport_fastrtps_cpp;rosidl_typesupport_introspection_cpp
[0.242s] -- Found rmw_implementation_cmake: 7.3.2 (/opt/ros/jazzy/share/rmw_implementation_cmake/cmake)
[0.243s] -- Found rmw_fastrtps_cpp: 8.4.2 (/opt/ros/jazzy/share/rmw_fastrtps_cpp/cmake)
[0.284s] -- Using RMW implementation 'rmw_fastrtps_cpp' as default
[0.326s] -- Found std_msgs: 5.3.6 (/opt/ros/jazzy/share/std_msgs/cmake)
[0.336s] -- Found ament_lint_auto: 0.17.2 (/opt/ros/jazzy/share/ament_lint_auto/cmake)
[0.398s] -- Added test 'cppcheck' to perform static code analysis on C / C++ code
[0.398s] -- Configured cppcheck include dirs: 
[0.398s] -- Configured cppcheck exclude dirs and/or files: 
[0.398s] -- Added test 'lint_cmake' to check CMake code style
[0.399s] -- Added test 'uncrustify' to check C / C++ code style
[0.399s] -- Configured uncrustify additional arguments: 
[0.399s] -- Added test 'xmllint' to check XML markup files
[0.399s] -- Configuring done (0.4s)
[0.411s] -- Generating done (0.0s)
[0.415s] -- Build files have been written to: /home/yilmaz/ros2_ws/build/cpp_pubsub
[0.446s] [ 66%] [32m[1mLinking CXX executable yilmaz[0m
[0.446s] [ 83%] Built target listener
[0.446s] [ 83%] Built target talker
[0.625s] [100%] Built target yilmaz
[0.633s] Invoked command in '/home/yilmaz/ros2_ws/build/cpp_pubsub' returned '0': CMAKE_PREFIX_PATH=${CMAKE_PREFIX_PATH}:/opt/ros/jazzy DEBUGINFOD_URLS=https://debuginfod.ubuntu.com /usr/bin/cmake --build /home/yilmaz/ros2_ws/build/cpp_pubsub -- -j16 -l16
[0.638s] Invoking command in '/home/yilmaz/ros2_ws/build/cpp_pubsub': CMAKE_PREFIX_PATH=${CMAKE_PREFIX_PATH}:/opt/ros/jazzy DEBUGINFOD_URLS=https://debuginfod.ubuntu.com /usr/bin/cmake --install /home/yilmaz/ros2_ws/build/cpp_pubsub
[0.642s] -- Install configuration: ""
[0.643s] -- Up-to-date: /home/yilmaz/ros2_ws/install/cpp_pubsub/lib/cpp_pubsub/talker
[0.643s] -- Up-to-date: /home/yilmaz/ros2_ws/install/cpp_pubsub/lib/cpp_pubsub/listener
[0.643s] -- Installing: /home/yilmaz/ros2_ws/install/cpp_pubsub/lib/cpp_pubsub/yilmaz
[0.645s] -- Set non-toolchain portion of runtime path of "/home/yilmaz/ros2_ws/install/cpp_pubsub/lib/cpp_pubsub/yilmaz" to ""
[0.645s] -- Up-to-date: /home/yilmaz/ros2_ws/install/cpp_pubsub/share/ament_index/resource_index/package_run_dependencies/cpp_pubsub
[0.645s] -- Up-to-date: /home/yilmaz/ros2_ws/install/cpp_pubsub/share/ament_index/resource_index/parent_prefix_path/cpp_pubsub
[0.645s] -- Up-to-date: /home/yilmaz/ros2_ws/install/cpp_pubsub/share/cpp_pubsub/environment/ament_prefix_path.sh
[0.645s] -- Up-to-date: /home/yilmaz/ros2_ws/install/cpp_pubsub/share/cpp_pubsub/environment/ament_prefix_path.dsv
[0.646s] -- Up-to-date: /home/yilmaz/ros2_ws/install/cpp_pubsub/share/cpp_pubsub/environment/path.sh
[0.646s] -- Up-to-date: /home/yilmaz/ros2_ws/install/cpp_pubsub/share/cpp_pubsub/environment/path.dsv
[0.646s] -- Up-to-date: /home/yilmaz/ros2_ws/install/cpp_pubsub/share/cpp_pubsub/local_setup.bash
[0.646s] -- Up-to-date: /home/yilmaz/ros2_ws/install/cpp_pubsub/share/cpp_pubsub/local_setup.sh
[0.646s] -- Up-to-date: /home/yilmaz/ros2_ws/install/cpp_pubsub/share/cpp_pubsub/local_setup.zsh
[0.646s] -- Up-to-date: /home/yilmaz/ros2_ws/install/cpp_pubsub/share/cpp_pubsub/local_setup.dsv
[0.646s] -- Installing: /home/yilmaz/ros2_ws/install/cpp_pubsub/share/cpp_pubsub/package.dsv
[0.646s] -- Up-to-date: /home/yilmaz/ros2_ws/install/cpp_pubsub/share/ament_index/resource_index/packages/cpp_pubsub
[0.646s] -- Up-to-date: /home/yilmaz/ros2_ws/install/cpp_pubsub/share/cpp_pubsub/cmake/cpp_pubsubConfig.cmake
[0.646s] -- Up-to-date: /home/yilmaz/ros2_ws/install/cpp_pubsub/share/cpp_pubsub/cmake/cpp_pubsubConfig-version.cmake
[0.646s] -- Up-to-date: /home/yilmaz/ros2_ws/install/cpp_pubsub/share/cpp_pubsub/package.xml
[0.647s] Invoked command in '/home/yilmaz/ros2_ws/build/cpp_pubsub' returned '0': CMAKE_PREFIX_PATH=${CMAKE_PREFIX_PATH}:/opt/ros/jazzy DEBUGINFOD_URLS=https://debuginfod.ubuntu.com /usr/bin/cmake --install /home/yilmaz/ros2_ws/build/cpp_pubsub
