[0.007s] Invoking command in '/home/yilmaz/ros2_ws/build/cpp_pubsub': CMAKE_PREFIX_PATH=${CMAKE_PREFIX_PATH}:/opt/ros/jazzy DEBUGINFOD_URLS=https://debuginfod.ubuntu.com /usr/bin/cmake /home/yilmaz/ros2_ws/src/cpp_pubsub -DCMAKE_INSTALL_PREFIX=/home/yilmaz/ros2_ws/install/cpp_pubsub
[0.041s] -- The C compiler identification is GNU 13.3.0
[0.076s] -- The CXX compiler identification is GNU 13.3.0
[0.085s] -- Detecting C compiler ABI info
[0.139s] -- Detecting C compiler ABI info - done
[0.145s] -- Check for working C compiler: /usr/bin/cc - skipped
[0.145s] -- Detecting C compile features
[0.146s] -- Detecting C compile features - done
[0.151s] -- Detecting CXX compiler ABI info
[0.210s] -- Detecting CXX compiler ABI info - done
[0.216s] -- Check for working CXX compiler: /usr/bin/c++ - skipped
[0.216s] -- Detecting CXX compile features
[0.216s] -- Detecting CXX compile features - done
[0.218s] -- Found ament_cmake: 2.5.4 (/opt/ros/jazzy/share/ament_cmake/cmake)
[0.306s] -- Found Python3: /usr/bin/python3 (found version "3.12.3") found components: Interpreter 
[0.370s] -- Found rclcpp: 28.1.10 (/opt/ros/jazzy/share/rclcpp/cmake)
[0.406s] -- Found rosidl_generator_c: 4.6.5 (/opt/ros/jazzy/share/rosidl_generator_c/cmake)
[0.417s] -- Found rosidl_generator_cpp: 4.6.5 (/opt/ros/jazzy/share/rosidl_generator_cpp/cmake)
[0.431s] -- Using all available rosidl_typesupport_c: rosidl_typesupport_fastrtps_c;rosidl_typesupport_introspection_c
[0.445s] -- Using all available rosidl_typesupport_cpp: rosidl_typesupport_fastrtps_cpp;rosidl_typesupport_introspection_cpp
[0.517s] -- Found rmw_implementation_cmake: 7.3.2 (/opt/ros/jazzy/share/rmw_implementation_cmake/cmake)
[0.520s] -- Found rmw_fastrtps_cpp: 8.4.2 (/opt/ros/jazzy/share/rmw_fastrtps_cpp/cmake)
[0.575s] -- Found OpenSSL: /usr/lib/x86_64-linux-gnu/libcrypto.so (found version "3.0.13")  
[0.589s] -- Found FastRTPS: /opt/ros/jazzy/include (Required is at least version "2.13") 
[0.605s] -- Using RMW implementation 'rmw_fastrtps_cpp' as default
[0.666s] -- Found std_msgs: 5.3.6 (/opt/ros/jazzy/share/std_msgs/cmake)
[0.681s] -- Found ament_lint_auto: 0.17.2 (/opt/ros/jazzy/share/ament_lint_auto/cmake)
[0.747s] -- Added test 'cppcheck' to perform static code analysis on C / C++ code
[0.747s] -- Configured cppcheck include dirs: 
[0.747s] -- Configured cppcheck exclude dirs and/or files: 
[0.748s] -- Added test 'lint_cmake' to check CMake code style
[0.748s] -- Added test 'uncrustify' to check C / C++ code style
[0.748s] -- Configured uncrustify additional arguments: 
[0.749s] -- Added test 'xmllint' to check XML markup files
[0.749s] -- Configuring done (0.7s)
[0.755s] -- Generating done (0.0s)
[0.757s] -- Build files have been written to: /home/yilmaz/ros2_ws/build/cpp_pubsub
[0.765s] Invoked command in '/home/yilmaz/ros2_ws/build/cpp_pubsub' returned '0': CMAKE_PREFIX_PATH=${CMAKE_PREFIX_PATH}:/opt/ros/jazzy DEBUGINFOD_URLS=https://debuginfod.ubuntu.com /usr/bin/cmake /home/yilmaz/ros2_ws/src/cpp_pubsub -DCMAKE_INSTALL_PREFIX=/home/yilmaz/ros2_ws/install/cpp_pubsub
[0.765s] Invoking command in '/home/yilmaz/ros2_ws/build/cpp_pubsub': CMAKE_PREFIX_PATH=${CMAKE_PREFIX_PATH}:/opt/ros/jazzy DEBUGINFOD_URLS=https://debuginfod.ubuntu.com /usr/bin/cmake --build /home/yilmaz/ros2_ws/build/cpp_pubsub -- -j16 -l16
[0.793s] [ 50%] [32mBuilding CXX object CMakeFiles/talker.dir/src/publisher_lambda_function.cpp.o[0m
[3.421s] [100%] [32m[1mLinking CXX executable talker[0m
[3.519s] [100%] Built target talker
[3.526s] Invoked command in '/home/yilmaz/ros2_ws/build/cpp_pubsub' returned '0': CMAKE_PREFIX_PATH=${CMAKE_PREFIX_PATH}:/opt/ros/jazzy DEBUGINFOD_URLS=https://debuginfod.ubuntu.com /usr/bin/cmake --build /home/yilmaz/ros2_ws/build/cpp_pubsub -- -j16 -l16
[3.531s] Invoking command in '/home/yilmaz/ros2_ws/build/cpp_pubsub': CMAKE_PREFIX_PATH=${CMAKE_PREFIX_PATH}:/opt/ros/jazzy DEBUGINFOD_URLS=https://debuginfod.ubuntu.com /usr/bin/cmake --install /home/yilmaz/ros2_ws/build/cpp_pubsub
[3.535s] -- Install configuration: ""
[3.535s] -- Installing: /home/yilmaz/ros2_ws/install/cpp_pubsub/lib/cpp_pubsub/talker
[3.536s] -- Set non-toolchain portion of runtime path of "/home/yilmaz/ros2_ws/install/cpp_pubsub/lib/cpp_pubsub/talker" to ""
[3.536s] -- Installing: /home/yilmaz/ros2_ws/install/cpp_pubsub/share/ament_index/resource_index/package_run_dependencies/cpp_pubsub
[3.536s] -- Installing: /home/yilmaz/ros2_ws/install/cpp_pubsub/share/ament_index/resource_index/parent_prefix_path/cpp_pubsub
[3.536s] -- Installing: /home/yilmaz/ros2_ws/install/cpp_pubsub/share/cpp_pubsub/environment/ament_prefix_path.sh
[3.536s] -- Installing: /home/yilmaz/ros2_ws/install/cpp_pubsub/share/cpp_pubsub/environment/ament_prefix_path.dsv
[3.537s] -- Installing: /home/yilmaz/ros2_ws/install/cpp_pubsub/share/cpp_pubsub/environment/path.sh
[3.537s] -- Installing: /home/yilmaz/ros2_ws/install/cpp_pubsub/share/cpp_pubsub/environment/path.dsv
[3.537s] -- Installing: /home/yilmaz/ros2_ws/install/cpp_pubsub/share/cpp_pubsub/local_setup.bash
[3.537s] -- Installing: /home/yilmaz/ros2_ws/install/cpp_pubsub/share/cpp_pubsub/local_setup.sh
[3.537s] -- Installing: /home/yilmaz/ros2_ws/install/cpp_pubsub/share/cpp_pubsub/local_setup.zsh
[3.537s] -- Installing: /home/yilmaz/ros2_ws/install/cpp_pubsub/share/cpp_pubsub/local_setup.dsv
[3.537s] -- Installing: /home/yilmaz/ros2_ws/install/cpp_pubsub/share/cpp_pubsub/package.dsv
[3.537s] -- Installing: /home/yilmaz/ros2_ws/install/cpp_pubsub/share/ament_index/resource_index/packages/cpp_pubsub
[3.537s] -- Installing: /home/yilmaz/ros2_ws/install/cpp_pubsub/share/cpp_pubsub/cmake/cpp_pubsubConfig.cmake
[3.537s] -- Installing: /home/yilmaz/ros2_ws/install/cpp_pubsub/share/cpp_pubsub/cmake/cpp_pubsubConfig-version.cmake
[3.537s] -- Installing: /home/yilmaz/ros2_ws/install/cpp_pubsub/share/cpp_pubsub/package.xml
[3.538s] Invoked command in '/home/yilmaz/ros2_ws/build/cpp_pubsub' returned '0': CMAKE_PREFIX_PATH=${CMAKE_PREFIX_PATH}:/opt/ros/jazzy DEBUGINFOD_URLS=https://debuginfod.ubuntu.com /usr/bin/cmake --install /home/yilmaz/ros2_ws/build/cpp_pubsub
