[0.008s] Invoking command in '/home/yilmaz/ros2_ws/build/turtlesim': CMAKE_PREFIX_PATH=${CMAKE_PREFIX_PATH}:/opt/ros/jazzy DEBUGINFOD_URLS=https://debuginfod.ubuntu.com /usr/bin/cmake /home/yilmaz/ros2_ws/src/ros_tutorials/turtlesim -DCMAKE_INSTALL_PREFIX=/home/yilmaz/ros2_ws/install/turtlesim
[0.141s] -- The C compiler identification is GNU 13.3.0
[0.209s] -- The CXX compiler identification is GNU 13.3.0
[0.226s] -- Detecting C compiler ABI info
[0.288s] -- Detecting C compiler ABI info - done
[0.294s] -- Check for working C compiler: /usr/bin/cc - skipped
[0.294s] -- Detecting C compile features
[0.295s] -- Detecting C compile features - done
[0.301s] -- Detecting CXX compiler ABI info
[0.363s] -- Detecting CXX compiler ABI info - done
[0.369s] -- Check for working CXX compiler: /usr/bin/c++ - skipped
[0.369s] -- Detecting CXX compile features
[0.369s] -- Detecting CXX compile features - done
[0.373s] -- Found ament_cmake: 2.5.4 (/opt/ros/jazzy/share/ament_cmake/cmake)
[0.464s] -- Found Python3: /usr/bin/python3 (found version "3.12.3") found components: Interpreter 
[0.542s] -- Found ament_index_cpp: 1.8.1 (/opt/ros/jazzy/share/ament_index_cpp/cmake)
[0.544s] -- Found geometry_msgs: 5.3.6 (/opt/ros/jazzy/share/geometry_msgs/cmake)
[0.580s] -- Found rosidl_generator_c: 4.6.5 (/opt/ros/jazzy/share/rosidl_generator_c/cmake)
[0.591s] -- Found rosidl_generator_cpp: 4.6.5 (/opt/ros/jazzy/share/rosidl_generator_cpp/cmake)
[0.607s] -- Using all available rosidl_typesupport_c: rosidl_typesupport_fastrtps_c;rosidl_typesupport_introspection_c
[0.624s] -- Using all available rosidl_typesupport_cpp: rosidl_typesupport_fastrtps_cpp;rosidl_typesupport_introspection_cpp
[0.691s] -- Found rcl_interfaces: 2.0.2 (/opt/ros/jazzy/share/rcl_interfaces/cmake)
[0.731s] -- Found rclcpp: 28.1.10 (/opt/ros/jazzy/share/rclcpp/cmake)
[0.753s] -- Found rmw_implementation_cmake: 7.3.2 (/opt/ros/jazzy/share/rmw_implementation_cmake/cmake)
[0.758s] -- Found rmw_fastrtps_cpp: 8.4.2 (/opt/ros/jazzy/share/rmw_fastrtps_cpp/cmake)
[0.825s] -- Found OpenSSL: /usr/lib/x86_64-linux-gnu/libcrypto.so (found version "3.0.13")  
[0.840s] -- Found FastRTPS: /opt/ros/jazzy/include (Required is at least version "2.13") 
[0.857s] -- Using RMW implementation 'rmw_fastrtps_cpp' as default
[0.917s] -- Found rclcpp_action: 28.1.10 (/opt/ros/jazzy/share/rclcpp_action/cmake)
[0.959s] -- Found rosidl_default_generators: 1.6.0 (/opt/ros/jazzy/share/rosidl_default_generators/cmake)
[0.971s] -- Found rosidl_adapter: 4.6.5 (/opt/ros/jazzy/share/rosidl_adapter/cmake)
[0.976s] -- Found std_srvs: 5.3.6 (/opt/ros/jazzy/share/std_srvs/cmake)
[1.397s] -- Found ament_cmake_ros: 0.12.0 (/opt/ros/jazzy/share/ament_cmake_ros/cmake)
[1.849s] -- Using all available rosidl_typesupport_c: rosidl_typesupport_fastrtps_c;rosidl_typesupport_introspection_c
[2.046s] -- Using all available rosidl_typesupport_cpp: rosidl_typesupport_fastrtps_cpp;rosidl_typesupport_introspection_cpp
[2.049s] -- Found python_cmake_module: 0.11.1 (/opt/ros/jazzy/share/python_cmake_module/cmake)
[2.143s] -- Found PythonExtra: /usr/bin/python3  
[2.522s] -- Found Python3: /usr/bin/python3 (found version "3.12.3") found components: Interpreter Development NumPy Development.Module Development.Embed 
[2.550s] -- Found ament_lint_auto: 0.17.2 (/opt/ros/jazzy/share/ament_lint_auto/cmake)
[2.573s] -- Added test 'copyright' to check source files copyright and LICENSE
[2.574s] -- Added test 'cppcheck' to perform static code analysis on C / C++ code
[2.576s] -- Configured cppcheck include dirs: /home/yilmaz/ros2_ws/src/ros_tutorials/turtlesim/include
[2.576s] -- Configured cppcheck exclude dirs and/or files: 
[2.577s] -- Added test 'cpplint' to check C / C++ code against the Google style
[2.577s] -- Configured cpplint exclude dirs and/or files: 
[2.577s] -- Added test 'flake8' to check Python code syntax and style conventions
[2.578s] -- Configured 'flake8' exclude dirs and/or files: 
[2.578s] -- Added test 'lint_cmake' to check CMake code style
[2.579s] -- Added test 'pep257' to check Python code against some of the docstring style conventions in PEP 257
[2.580s] -- Added test 'uncrustify' to check C / C++ code style
[2.580s] -- Configured uncrustify additional arguments: 
[2.580s] -- Added test 'xmllint' to check XML markup files
[2.582s] -- Configuring done (2.6s)
[2.635s] -- Generating done (0.0s)
[2.648s] -- Build files have been written to: /home/yilmaz/ros2_ws/build/turtlesim
[2.658s] Invoked command in '/home/yilmaz/ros2_ws/build/turtlesim' returned '0': CMAKE_PREFIX_PATH=${CMAKE_PREFIX_PATH}:/opt/ros/jazzy DEBUGINFOD_URLS=https://debuginfod.ubuntu.com /usr/bin/cmake /home/yilmaz/ros2_ws/src/ros_tutorials/turtlesim -DCMAKE_INSTALL_PREFIX=/home/yilmaz/ros2_ws/install/turtlesim
[2.658s] Invoking command in '/home/yilmaz/ros2_ws/build/turtlesim': CMAKE_PREFIX_PATH=${CMAKE_PREFIX_PATH}:/opt/ros/jazzy DEBUGINFOD_URLS=https://debuginfod.ubuntu.com /usr/bin/cmake --build /home/yilmaz/ros2_ws/build/turtlesim -- -j16 -l16
[2.691s] [  0%] [34m[1mGenerating type hashes for ROS interfaces[0m
[2.695s] [  0%] Built target ament_cmake_python_copy_turtlesim
[2.836s] running egg_info
[2.837s] creating turtlesim.egg-info
[2.849s] writing turtlesim.egg-info/PKG-INFO
[2.849s] writing dependency_links to turtlesim.egg-info/dependency_links.txt
[2.849s] writing top-level names to turtlesim.egg-info/top_level.txt
[2.849s] writing manifest file 'turtlesim.egg-info/SOURCES.txt'
[2.886s] reading manifest file 'turtlesim.egg-info/SOURCES.txt'
[2.887s] writing manifest file 'turtlesim.egg-info/SOURCES.txt'
[2.901s] [  0%] Built target turtlesim__rosidl_generator_type_description
[2.906s] [  0%] Built target ament_cmake_python_build_turtlesim_egg
[2.907s] [  1%] [34m[1mGenerating C code for ROS interfaces[0m
[2.914s] [  2%] [34m[1mGenerating C++ code for ROS interfaces[0m
[3.580s] [  2%] Built target turtlesim__cpp
[3.723s] [  5%] [32mBuilding C object CMakeFiles/turtlesim__rosidl_generator_c.dir/rosidl_generator_c/turtlesim/action/detail/rotate_absolute__functions.c.o[0m
[3.724s] [ 11%] [32mBuilding C object CMakeFiles/turtlesim__rosidl_generator_c.dir/rosidl_generator_c/turtlesim/msg/detail/pose__functions.c.o[0m
[3.724s] [ 11%] [32mBuilding C object CMakeFiles/turtlesim__rosidl_generator_c.dir/rosidl_generator_c/turtlesim/srv/detail/kill__description.c.o[0m
[3.724s] [ 11%] [32mBuilding C object CMakeFiles/turtlesim__rosidl_generator_c.dir/rosidl_generator_c/turtlesim/msg/detail/pose__description.c.o[0m
[3.725s] [ 11%] [32mBuilding C object CMakeFiles/turtlesim__rosidl_generator_c.dir/rosidl_generator_c/turtlesim/msg/detail/color__functions.c.o[0m
[3.725s] [  5%] [32mBuilding C object CMakeFiles/turtlesim__rosidl_generator_c.dir/rosidl_generator_c/turtlesim/msg/detail/color__type_support.c.o[0m
[3.725s] [ 11%] [32mBuilding C object CMakeFiles/turtlesim__rosidl_generator_c.dir/rosidl_generator_c/turtlesim/action/detail/rotate_absolute__description.c.o[0m
[3.725s] [ 11%] [32mBuilding C object CMakeFiles/turtlesim__rosidl_generator_c.dir/rosidl_generator_c/turtlesim/msg/detail/pose__type_support.c.o[0m
[3.725s] [ 11%] [32mBuilding C object CMakeFiles/turtlesim__rosidl_generator_c.dir/rosidl_generator_c/turtlesim/action/detail/rotate_absolute__type_support.c.o[0m
[3.725s] [ 11%] [32mBuilding C object CMakeFiles/turtlesim__rosidl_generator_c.dir/rosidl_generator_c/turtlesim/msg/detail/color__description.c.o[0m
[3.725s] [ 14%] [32mBuilding C object CMakeFiles/turtlesim__rosidl_generator_c.dir/rosidl_generator_c/turtlesim/srv/detail/kill__type_support.c.o[0m
[3.725s] [ 14%] [32mBuilding C object CMakeFiles/turtlesim__rosidl_generator_c.dir/rosidl_generator_c/turtlesim/srv/detail/set_pen__description.c.o[0m
[3.725s] [ 14%] [32mBuilding C object CMakeFiles/turtlesim__rosidl_generator_c.dir/rosidl_generator_c/turtlesim/srv/detail/set_pen__functions.c.o[0m
[3.725s] [ 14%] [32mBuilding C object CMakeFiles/turtlesim__rosidl_generator_c.dir/rosidl_generator_c/turtlesim/srv/detail/kill__functions.c.o[0m
[3.725s] [ 15%] [32mBuilding C object CMakeFiles/turtlesim__rosidl_generator_c.dir/rosidl_generator_c/turtlesim/srv/detail/set_pen__type_support.c.o[0m
[3.725s] [ 16%] [32mBuilding C object CMakeFiles/turtlesim__rosidl_generator_c.dir/rosidl_generator_c/turtlesim/srv/detail/spawn__description.c.o[0m
[3.779s] [ 18%] [32mBuilding C object CMakeFiles/turtlesim__rosidl_generator_c.dir/rosidl_generator_c/turtlesim/srv/detail/spawn__type_support.c.o[0m
[3.779s] [ 18%] [32mBuilding C object CMakeFiles/turtlesim__rosidl_generator_c.dir/rosidl_generator_c/turtlesim/srv/detail/spawn__functions.c.o[0m
[3.791s] [ 20%] [32mBuilding C object CMakeFiles/turtlesim__rosidl_generator_c.dir/rosidl_generator_c/turtlesim/srv/detail/teleport_absolute__type_support.c.o[0m
[3.791s] [ 20%] [32mBuilding C object CMakeFiles/turtlesim__rosidl_generator_c.dir/rosidl_generator_c/turtlesim/srv/detail/teleport_absolute__functions.c.o[0m
[3.791s] [ 20%] [32mBuilding C object CMakeFiles/turtlesim__rosidl_generator_c.dir/rosidl_generator_c/turtlesim/srv/detail/teleport_absolute__description.c.o[0m
[3.791s] [ 21%] [32mBuilding C object CMakeFiles/turtlesim__rosidl_generator_c.dir/rosidl_generator_c/turtlesim/srv/detail/teleport_relative__description.c.o[0m
[3.793s] [ 22%] [32mBuilding C object CMakeFiles/turtlesim__rosidl_generator_c.dir/rosidl_generator_c/turtlesim/srv/detail/teleport_relative__functions.c.o[0m
[3.804s] [ 23%] [32mBuilding C object CMakeFiles/turtlesim__rosidl_generator_c.dir/rosidl_generator_c/turtlesim/srv/detail/teleport_relative__type_support.c.o[0m
[3.899s] [ 24%] [32m[1mLinking C shared library libturtlesim__rosidl_generator_c.so[0m
[3.928s] [ 24%] Built target turtlesim__rosidl_generator_c
[3.935s] [ 26%] [34m[1mGenerating C++ introspection for ROS interfaces[0m
[3.935s] [ 26%] [34m[1mGenerating C++ type support for eProsima Fast-RTPS[0m
[3.935s] [ 26%] [34m[1mGenerating C++ type support dispatch for ROS interfaces[0m
[3.935s] [ 29%] [34m[1mGenerating C introspection for ROS interfaces[0m
[3.935s] [ 29%] [34m[1mGenerating C type support for eProsima Fast-RTPS[0m
[3.936s] [ 29%] [34m[1mGenerating C type support dispatch for ROS interfaces[0m
[4.358s] [ 32%] [32mBuilding CXX object CMakeFiles/turtlesim__rosidl_typesupport_c.dir/rosidl_typesupport_c/turtlesim/msg/color__type_support.cpp.o[0m
[4.358s] [ 32%] [32mBuilding CXX object CMakeFiles/turtlesim__rosidl_typesupport_c.dir/rosidl_typesupport_c/turtlesim/action/rotate_absolute__type_support.cpp.o[0m
[4.358s] [ 32%] [32mBuilding CXX object CMakeFiles/turtlesim__rosidl_typesupport_c.dir/rosidl_typesupport_c/turtlesim/msg/pose__type_support.cpp.o[0m
[4.361s] [ 33%] [32mBuilding CXX object CMakeFiles/turtlesim__rosidl_typesupport_c.dir/rosidl_typesupport_c/turtlesim/srv/kill__type_support.cpp.o[0m
[4.363s] [ 33%] [32mBuilding CXX object CMakeFiles/turtlesim__rosidl_typesupport_c.dir/rosidl_typesupport_c/turtlesim/srv/spawn__type_support.cpp.o[0m
[4.363s] [ 35%] [32mBuilding CXX object CMakeFiles/turtlesim__rosidl_typesupport_c.dir/rosidl_typesupport_c/turtlesim/srv/set_pen__type_support.cpp.o[0m
[4.363s] [ 35%] [32mBuilding CXX object CMakeFiles/turtlesim__rosidl_typesupport_c.dir/rosidl_typesupport_c/turtlesim/srv/teleport_relative__type_support.cpp.o[0m
[4.364s] [ 36%] [32mBuilding CXX object CMakeFiles/turtlesim__rosidl_typesupport_c.dir/rosidl_typesupport_c/turtlesim/srv/teleport_absolute__type_support.cpp.o[0m
[4.378s] [ 37%] [32mBuilding CXX object CMakeFiles/turtlesim__rosidl_typesupport_cpp.dir/rosidl_typesupport_cpp/turtlesim/srv/kill__type_support.cpp.o[0m
[4.379s] [ 38%] [32mBuilding CXX object CMakeFiles/turtlesim__rosidl_typesupport_cpp.dir/rosidl_typesupport_cpp/turtlesim/action/rotate_absolute__type_support.cpp.o[0m
[4.379s] [ 39%] [32mBuilding CXX object CMakeFiles/turtlesim__rosidl_typesupport_cpp.dir/rosidl_typesupport_cpp/turtlesim/msg/color__type_support.cpp.o[0m
[4.380s] [ 37%] [32mBuilding CXX object CMakeFiles/turtlesim__rosidl_typesupport_cpp.dir/rosidl_typesupport_cpp/turtlesim/msg/pose__type_support.cpp.o[0m
[4.430s] [ 40%] [32mBuilding CXX object CMakeFiles/turtlesim__rosidl_typesupport_cpp.dir/rosidl_typesupport_cpp/turtlesim/srv/set_pen__type_support.cpp.o[0m
[4.432s] [ 43%] [32mBuilding CXX object CMakeFiles/turtlesim__rosidl_typesupport_cpp.dir/rosidl_typesupport_cpp/turtlesim/srv/teleport_relative__type_support.cpp.o[0m
[4.432s] [ 43%] [32mBuilding CXX object CMakeFiles/turtlesim__rosidl_typesupport_cpp.dir/rosidl_typesupport_cpp/turtlesim/srv/teleport_absolute__type_support.cpp.o[0m
[4.432s] [ 43%] [32mBuilding CXX object CMakeFiles/turtlesim__rosidl_typesupport_cpp.dir/rosidl_typesupport_cpp/turtlesim/srv/spawn__type_support.cpp.o[0m
[4.450s] [ 44%] [32m[1mLinking CXX shared library libturtlesim__rosidl_typesupport_c.so[0m
[4.512s] [ 44%] Built target turtlesim__rosidl_typesupport_c
[4.646s] [ 46%] [32mBuilding CXX object CMakeFiles/turtlesim__rosidl_typesupport_introspection_cpp.dir/rosidl_typesupport_introspection_cpp/turtlesim/msg/detail/color__type_support.cpp.o[0m
[4.646s] [ 46%] [32mBuilding CXX object CMakeFiles/turtlesim__rosidl_typesupport_introspection_cpp.dir/rosidl_typesupport_introspection_cpp/turtlesim/srv/detail/kill__type_support.cpp.o[0m
[4.646s] [ 47%] [32mBuilding CXX object CMakeFiles/turtlesim__rosidl_typesupport_introspection_cpp.dir/rosidl_typesupport_introspection_cpp/turtlesim/msg/detail/pose__type_support.cpp.o[0m
[4.649s] [ 49%] [32mBuilding CXX object CMakeFiles/turtlesim__rosidl_typesupport_introspection_cpp.dir/rosidl_typesupport_introspection_cpp/turtlesim/srv/detail/set_pen__type_support.cpp.o[0m
[4.649s] [ 49%] [32mBuilding CXX object CMakeFiles/turtlesim__rosidl_typesupport_introspection_cpp.dir/rosidl_typesupport_introspection_cpp/turtlesim/action/detail/rotate_absolute__type_support.cpp.o[0m
[4.872s] [ 50%] [32mBuilding CXX object CMakeFiles/turtlesim__rosidl_typesupport_introspection_cpp.dir/rosidl_typesupport_introspection_cpp/turtlesim/srv/detail/spawn__type_support.cpp.o[0m
[4.909s] [ 50%] [32mBuilding CXX object CMakeFiles/turtlesim__rosidl_typesupport_introspection_cpp.dir/rosidl_typesupport_introspection_cpp/turtlesim/srv/detail/teleport_absolute__type_support.cpp.o[0m
[4.963s] [ 51%] [32mBuilding C object CMakeFiles/turtlesim__rosidl_typesupport_introspection_c.dir/rosidl_typesupport_introspection_c/turtlesim/action/detail/rotate_absolute__type_support.c.o[0m
[5.028s] [ 52%] [32mBuilding CXX object CMakeFiles/turtlesim__rosidl_typesupport_introspection_cpp.dir/rosidl_typesupport_introspection_cpp/turtlesim/srv/detail/teleport_relative__type_support.cpp.o[0m
[5.033s] [ 53%] [32mBuilding C object CMakeFiles/turtlesim__rosidl_typesupport_introspection_c.dir/rosidl_typesupport_introspection_c/turtlesim/msg/detail/color__type_support.c.o[0m
[5.041s] [ 53%] [32mBuilding C object CMakeFiles/turtlesim__rosidl_typesupport_introspection_c.dir/rosidl_typesupport_introspection_c/turtlesim/msg/detail/pose__type_support.c.o[0m
[5.053s] [ 54%] [32mBuilding C object CMakeFiles/turtlesim__rosidl_typesupport_introspection_c.dir/rosidl_typesupport_introspection_c/turtlesim/srv/detail/kill__type_support.c.o[0m
[5.058s] [ 55%] [32mBuilding C object CMakeFiles/turtlesim__rosidl_typesupport_introspection_c.dir/rosidl_typesupport_introspection_c/turtlesim/srv/detail/set_pen__type_support.c.o[0m
[5.076s] [ 56%] [32mBuilding C object CMakeFiles/turtlesim__rosidl_typesupport_introspection_c.dir/rosidl_typesupport_introspection_c/turtlesim/srv/detail/spawn__type_support.c.o[0m
[5.089s] [ 57%] [32mBuilding C object CMakeFiles/turtlesim__rosidl_typesupport_introspection_c.dir/rosidl_typesupport_introspection_c/turtlesim/srv/detail/teleport_absolute__type_support.c.o[0m
[5.093s] [ 58%] [32mBuilding C object CMakeFiles/turtlesim__rosidl_typesupport_introspection_c.dir/rosidl_typesupport_introspection_c/turtlesim/srv/detail/teleport_relative__type_support.c.o[0m
[5.152s] [ 59%] [32m[1mLinking C shared library libturtlesim__rosidl_typesupport_introspection_c.so[0m
[5.184s] [ 59%] Built target turtlesim__rosidl_typesupport_introspection_c
[5.237s] [ 62%] [32mBuilding CXX object CMakeFiles/turtlesim__rosidl_typesupport_fastrtps_cpp.dir/rosidl_typesupport_fastrtps_cpp/turtlesim/srv/detail/dds_fastrtps/spawn__type_support.cpp.o[0m
[5.237s] [ 62%] [32mBuilding CXX object CMakeFiles/turtlesim__rosidl_typesupport_fastrtps_cpp.dir/rosidl_typesupport_fastrtps_cpp/turtlesim/srv/detail/dds_fastrtps/set_pen__type_support.cpp.o[0m
[5.237s] [ 62%] [32mBuilding CXX object CMakeFiles/turtlesim__rosidl_typesupport_fastrtps_cpp.dir/rosidl_typesupport_fastrtps_cpp/turtlesim/msg/detail/dds_fastrtps/pose__type_support.cpp.o[0m
[5.237s] [ 62%] [32mBuilding CXX object CMakeFiles/turtlesim__rosidl_typesupport_fastrtps_cpp.dir/rosidl_typesupport_fastrtps_cpp/turtlesim/msg/detail/dds_fastrtps/color__type_support.cpp.o[0m
[5.237s] [ 63%] [32mBuilding CXX object CMakeFiles/turtlesim__rosidl_typesupport_fastrtps_cpp.dir/rosidl_typesupport_fastrtps_cpp/turtlesim/srv/detail/dds_fastrtps/teleport_relative__type_support.cpp.o[0m
[5.240s] [ 64%] [32mBuilding CXX object CMakeFiles/turtlesim__rosidl_typesupport_fastrtps_cpp.dir/rosidl_typesupport_fastrtps_cpp/turtlesim/srv/detail/dds_fastrtps/teleport_absolute__type_support.cpp.o[0m
[5.240s] [ 65%] [32mBuilding CXX object CMakeFiles/turtlesim__rosidl_typesupport_fastrtps_cpp.dir/rosidl_typesupport_fastrtps_cpp/turtlesim/srv/detail/dds_fastrtps/kill__type_support.cpp.o[0m
[5.252s] [ 66%] [32mBuilding CXX object CMakeFiles/turtlesim__rosidl_typesupport_fastrtps_cpp.dir/rosidl_typesupport_fastrtps_cpp/turtlesim/action/detail/dds_fastrtps/rotate_absolute__type_support.cpp.o[0m
[5.500s] [ 67%] [32m[1mLinking CXX shared library libturtlesim__rosidl_typesupport_cpp.so[0m
[5.557s] [ 68%] [32mBuilding CXX object CMakeFiles/turtlesim__rosidl_typesupport_fastrtps_c.dir/rosidl_typesupport_fastrtps_c/turtlesim/msg/detail/color__type_support_c.cpp.o[0m
[5.557s] [ 69%] [32mBuilding CXX object CMakeFiles/turtlesim__rosidl_typesupport_fastrtps_c.dir/rosidl_typesupport_fastrtps_c/turtlesim/msg/detail/pose__type_support_c.cpp.o[0m
[5.557s] [ 69%] [32mBuilding CXX object CMakeFiles/turtlesim__rosidl_typesupport_fastrtps_c.dir/rosidl_typesupport_fastrtps_c/turtlesim/action/detail/rotate_absolute__type_support_c.cpp.o[0m
[5.560s] [ 70%] [32mBuilding CXX object CMakeFiles/turtlesim__rosidl_typesupport_fastrtps_c.dir/rosidl_typesupport_fastrtps_c/turtlesim/srv/detail/kill__type_support_c.cpp.o[0m
[5.564s] [ 71%] [32mBuilding CXX object CMakeFiles/turtlesim__rosidl_typesupport_fastrtps_c.dir/rosidl_typesupport_fastrtps_c/turtlesim/srv/detail/set_pen__type_support_c.cpp.o[0m
[5.683s] [ 72%] [32mBuilding CXX object CMakeFiles/turtlesim__rosidl_typesupport_fastrtps_c.dir/rosidl_typesupport_fastrtps_c/turtlesim/srv/detail/spawn__type_support_c.cpp.o[0m
[5.730s] [ 72%] Built target turtlesim__rosidl_typesupport_cpp
[5.746s] [ 73%] [32mBuilding CXX object CMakeFiles/turtlesim__rosidl_typesupport_fastrtps_c.dir/rosidl_typesupport_fastrtps_c/turtlesim/srv/detail/teleport_absolute__type_support_c.cpp.o[0m
[5.890s] [ 74%] [32m[1mLinking CXX shared library libturtlesim__rosidl_typesupport_introspection_cpp.so[0m
[6.059s] [ 74%] [32mBuilding CXX object CMakeFiles/turtlesim__rosidl_typesupport_fastrtps_c.dir/rosidl_typesupport_fastrtps_c/turtlesim/srv/detail/teleport_relative__type_support_c.cpp.o[0m
[6.062s] [ 75%] [34m[1mGenerating include/turtlesim/moc_turtle_frame.cpp[0m
[6.077s] [ 75%] Built target turtlesim__rosidl_typesupport_introspection_cpp
[6.123s] [ 76%] [32mBuilding CXX object CMakeFiles/turtle_teleop_key.dir/tutorials/teleop_turtle_key.cpp.o[0m
[6.255s] [ 77%] [32mBuilding CXX object CMakeFiles/turtlesim_node.dir/src/turtlesim.cpp.o[0m
[6.272s] [ 78%] [32mBuilding CXX object CMakeFiles/turtlesim_node.dir/src/turtle.cpp.o[0m
[6.279s] [ 78%] [32mBuilding CXX object CMakeFiles/draw_square.dir/tutorials/draw_square.cpp.o[0m
[6.315s] [ 79%] [32mBuilding CXX object CMakeFiles/turtlesim_node.dir/src/turtle_frame.cpp.o[0m
[6.328s] [ 79%] [32mBuilding CXX object CMakeFiles/turtlesim_node.dir/include/turtlesim/moc_turtle_frame.cpp.o[0m
[6.331s] [ 80%] [32mBuilding CXX object CMakeFiles/mimic.dir/tutorials/mimic.cpp.o[0m
[6.660s] [ 81%] [32m[1mLinking CXX shared library libturtlesim__rosidl_typesupport_fastrtps_c.so[0m
[6.742s] [ 82%] [32m[1mLinking CXX shared library libturtlesim__rosidl_typesupport_fastrtps_cpp.so[0m
[6.751s] [ 82%] Built target turtlesim__rosidl_typesupport_fastrtps_c
[6.853s] [ 82%] Built target turtlesim__rosidl_typesupport_fastrtps_cpp
[6.880s] [ 82%] Built target turtlesim
[6.902s] [ 82%] [34m[1mGenerating Python code for ROS interfaces[0m
[8.602s] [ 82%] Built target turtlesim__py
[8.629s] [ 88%] [32mBuilding C object CMakeFiles/turtlesim__rosidl_generator_py.dir/rosidl_generator_py/turtlesim/action/_rotate_absolute_s.c.o[0m
[8.629s] [ 88%] [32mBuilding C object CMakeFiles/turtlesim__rosidl_generator_py.dir/rosidl_generator_py/turtlesim/msg/_color_s.c.o[0m
[8.629s] [ 88%] [32mBuilding C object CMakeFiles/turtlesim__rosidl_generator_py.dir/rosidl_generator_py/turtlesim/srv/_kill_s.c.o[0m
[8.629s] [ 88%] [32mBuilding C object CMakeFiles/turtlesim__rosidl_generator_py.dir/rosidl_generator_py/turtlesim/srv/_spawn_s.c.o[0m
[8.629s] [ 88%] [32mBuilding C object CMakeFiles/turtlesim__rosidl_generator_py.dir/rosidl_generator_py/turtlesim/srv/_set_pen_s.c.o[0m
[8.629s] [ 88%] [32mBuilding C object CMakeFiles/turtlesim__rosidl_generator_py.dir/rosidl_generator_py/turtlesim/msg/_pose_s.c.o[0m
[8.630s] [ 88%] [32mBuilding C object CMakeFiles/turtlesim__rosidl_generator_py.dir/rosidl_generator_py/turtlesim/srv/_teleport_absolute_s.c.o[0m
[8.630s] [ 89%] [32mBuilding C object CMakeFiles/turtlesim__rosidl_generator_py.dir/rosidl_generator_py/turtlesim/srv/_teleport_relative_s.c.o[0m
[9.078s] [ 90%] [32m[1mLinking C shared library libturtlesim__rosidl_generator_py.so[0m
[9.173s] [ 90%] Built target turtlesim__rosidl_generator_py
[9.213s] [ 93%] [32mBuilding C object CMakeFiles/turtlesim_s__rosidl_typesupport_fastrtps_c.dir/rosidl_generator_py/turtlesim/_turtlesim_s.ep.rosidl_typesupport_fastrtps_c.c.o[0m
[9.213s] [ 93%] [32mBuilding C object CMakeFiles/turtlesim_s__rosidl_typesupport_c.dir/rosidl_generator_py/turtlesim/_turtlesim_s.ep.rosidl_typesupport_c.c.o[0m
[9.213s] [ 93%] [32mBuilding C object CMakeFiles/turtlesim_s__rosidl_typesupport_introspection_c.dir/rosidl_generator_py/turtlesim/_turtlesim_s.ep.rosidl_typesupport_introspection_c.c.o[0m
[9.389s] [ 94%] [32m[1mLinking C shared module rosidl_generator_py/turtlesim/turtlesim_s__rosidl_typesupport_introspection_c.so[0m
[9.396s] [ 95%] [32m[1mLinking C shared module rosidl_generator_py/turtlesim/turtlesim_s__rosidl_typesupport_fastrtps_c.so[0m
[9.421s] [ 95%] Built target turtlesim_s__rosidl_typesupport_introspection_c
[9.428s] [ 95%] Built target turtlesim_s__rosidl_typesupport_fastrtps_c
[9.474s] [ 96%] [32m[1mLinking C shared module rosidl_generator_py/turtlesim/turtlesim_s__rosidl_typesupport_c.so[0m
[9.505s] [ 96%] Built target turtlesim_s__rosidl_typesupport_c
[13.224s] [ 97%] [32m[1mLinking CXX executable turtle_teleop_key[0m
[13.484s] [ 97%] Built target turtle_teleop_key
[15.362s] [ 98%] [32m[1mLinking CXX executable mimic[0m
[15.575s] [ 98%] Built target mimic
[15.979s] [ 99%] [32m[1mLinking CXX executable draw_square[0m
[16.270s] [ 99%] Built target draw_square
[18.526s] [100%] [32m[1mLinking CXX executable turtlesim_node[0m
[19.874s] [100%] Built target turtlesim_node
[19.884s] Invoked command in '/home/yilmaz/ros2_ws/build/turtlesim' returned '0': CMAKE_PREFIX_PATH=${CMAKE_PREFIX_PATH}:/opt/ros/jazzy DEBUGINFOD_URLS=https://debuginfod.ubuntu.com /usr/bin/cmake --build /home/yilmaz/ros2_ws/build/turtlesim -- -j16 -l16
[19.889s] Invoking command in '/home/yilmaz/ros2_ws/build/turtlesim': CMAKE_PREFIX_PATH=${CMAKE_PREFIX_PATH}:/opt/ros/jazzy DEBUGINFOD_URLS=https://debuginfod.ubuntu.com /usr/bin/cmake --install /home/yilmaz/ros2_ws/build/turtlesim
[19.894s] -- Install configuration: ""
[19.894s] -- Installing: /home/yilmaz/ros2_ws/install/turtlesim/share/ament_index/resource_index/rosidl_interfaces/turtlesim
[19.894s] -- Installing: /home/yilmaz/ros2_ws/install/turtlesim/share/turtlesim/action/RotateAbsolute.json
[19.895s] -- Installing: /home/yilmaz/ros2_ws/install/turtlesim/share/turtlesim/msg/Color.json
[19.895s] -- Installing: /home/yilmaz/ros2_ws/install/turtlesim/share/turtlesim/msg/Pose.json
[19.895s] -- Installing: /home/yilmaz/ros2_ws/install/turtlesim/share/turtlesim/srv/Kill.json
[19.895s] -- Installing: /home/yilmaz/ros2_ws/install/turtlesim/share/turtlesim/srv/SetPen.json
[19.895s] -- Installing: /home/yilmaz/ros2_ws/install/turtlesim/share/turtlesim/srv/Spawn.json
[19.895s] -- Installing: /home/yilmaz/ros2_ws/install/turtlesim/share/turtlesim/srv/TeleportAbsolute.json
[19.895s] -- Installing: /home/yilmaz/ros2_ws/install/turtlesim/share/turtlesim/srv/TeleportRelative.json
[19.895s] -- Installing: /home/yilmaz/ros2_ws/install/turtlesim/include/turtlesim/turtlesim
[19.895s] -- Installing: /home/yilmaz/ros2_ws/install/turtlesim/include/turtlesim/turtlesim/msg
[19.895s] -- Installing: /home/yilmaz/ros2_ws/install/turtlesim/include/turtlesim/turtlesim/msg/detail
[19.895s] -- Installing: /home/yilmaz/ros2_ws/install/turtlesim/include/turtlesim/turtlesim/msg/detail/pose__type_support.c
[19.895s] -- Installing: /home/yilmaz/ros2_ws/install/turtlesim/include/turtlesim/turtlesim/msg/detail/color__functions.h
[19.895s] -- Installing: /home/yilmaz/ros2_ws/install/turtlesim/include/turtlesim/turtlesim/msg/detail/color__type_support.h
[19.895s] -- Installing: /home/yilmaz/ros2_ws/install/turtlesim/include/turtlesim/turtlesim/msg/detail/pose__functions.h
[19.895s] -- Installing: /home/yilmaz/ros2_ws/install/turtlesim/include/turtlesim/turtlesim/msg/detail/pose__type_support.h
[19.895s] -- Installing: /home/yilmaz/ros2_ws/install/turtlesim/include/turtlesim/turtlesim/msg/detail/color__struct.h
[19.895s] -- Installing: /home/yilmaz/ros2_ws/install/turtlesim/include/turtlesim/turtlesim/msg/detail/color__functions.c
[19.896s] -- Installing: /home/yilmaz/ros2_ws/install/turtlesim/include/turtlesim/turtlesim/msg/detail/pose__description.c
[19.896s] -- Installing: /home/yilmaz/ros2_ws/install/turtlesim/include/turtlesim/turtlesim/msg/detail/pose__struct.h
[19.896s] -- Installing: /home/yilmaz/ros2_ws/install/turtlesim/include/turtlesim/turtlesim/msg/detail/color__description.c
[19.896s] -- Installing: /home/yilmaz/ros2_ws/install/turtlesim/include/turtlesim/turtlesim/msg/detail/color__type_support.c
[19.896s] -- Installing: /home/yilmaz/ros2_ws/install/turtlesim/include/turtlesim/turtlesim/msg/detail/pose__functions.c
[19.896s] -- Installing: /home/yilmaz/ros2_ws/install/turtlesim/include/turtlesim/turtlesim/msg/pose.h
[19.896s] -- Installing: /home/yilmaz/ros2_ws/install/turtlesim/include/turtlesim/turtlesim/msg/color.h
[19.896s] -- Installing: /home/yilmaz/ros2_ws/install/turtlesim/include/turtlesim/turtlesim/msg/rosidl_generator_c__visibility_control.h
[19.896s] -- Installing: /home/yilmaz/ros2_ws/install/turtlesim/include/turtlesim/turtlesim/srv
[19.896s] -- Installing: /home/yilmaz/ros2_ws/install/turtlesim/include/turtlesim/turtlesim/srv/detail
[19.896s] -- Installing: /home/yilmaz/ros2_ws/install/turtlesim/include/turtlesim/turtlesim/srv/detail/spawn__type_support.h
[19.896s] -- Installing: /home/yilmaz/ros2_ws/install/turtlesim/include/turtlesim/turtlesim/srv/detail/teleport_absolute__type_support.c
[19.896s] -- Installing: /home/yilmaz/ros2_ws/install/turtlesim/include/turtlesim/turtlesim/srv/detail/teleport_absolute__functions.h
[19.896s] -- Installing: /home/yilmaz/ros2_ws/install/turtlesim/include/turtlesim/turtlesim/srv/detail/set_pen__type_support.h
[19.896s] -- Installing: /home/yilmaz/ros2_ws/install/turtlesim/include/turtlesim/turtlesim/srv/detail/spawn__functions.h
[19.896s] -- Installing: /home/yilmaz/ros2_ws/install/turtlesim/include/turtlesim/turtlesim/srv/detail/teleport_absolute__struct.h
[19.896s] -- Installing: /home/yilmaz/ros2_ws/install/turtlesim/include/turtlesim/turtlesim/srv/detail/spawn__struct.h
[19.896s] -- Installing: /home/yilmaz/ros2_ws/install/turtlesim/include/turtlesim/turtlesim/srv/detail/set_pen__description.c
[19.896s] -- Installing: /home/yilmaz/ros2_ws/install/turtlesim/include/turtlesim/turtlesim/srv/detail/kill__description.c
[19.897s] -- Installing: /home/yilmaz/ros2_ws/install/turtlesim/include/turtlesim/turtlesim/srv/detail/teleport_relative__description.c
[19.897s] -- Installing: /home/yilmaz/ros2_ws/install/turtlesim/include/turtlesim/turtlesim/srv/detail/teleport_relative__type_support.c
[19.897s] -- Installing: /home/yilmaz/ros2_ws/install/turtlesim/include/turtlesim/turtlesim/srv/detail/kill__type_support.c
[19.897s] -- Installing: /home/yilmaz/ros2_ws/install/turtlesim/include/turtlesim/turtlesim/srv/detail/kill__type_support.h
[19.897s] -- Installing: /home/yilmaz/ros2_ws/install/turtlesim/include/turtlesim/turtlesim/srv/detail/teleport_absolute__description.c
[19.897s] -- Installing: /home/yilmaz/ros2_ws/install/turtlesim/include/turtlesim/turtlesim/srv/detail/set_pen__functions.c
[19.897s] -- Installing: /home/yilmaz/ros2_ws/install/turtlesim/include/turtlesim/turtlesim/srv/detail/kill__struct.h
[19.897s] -- Installing: /home/yilmaz/ros2_ws/install/turtlesim/include/turtlesim/turtlesim/srv/detail/set_pen__functions.h
[19.897s] -- Installing: /home/yilmaz/ros2_ws/install/turtlesim/include/turtlesim/turtlesim/srv/detail/kill__functions.h
[19.897s] -- Installing: /home/yilmaz/ros2_ws/install/turtlesim/include/turtlesim/turtlesim/srv/detail/teleport_absolute__functions.c
[19.897s] -- Installing: /home/yilmaz/ros2_ws/install/turtlesim/include/turtlesim/turtlesim/srv/detail/teleport_relative__type_support.h
[19.897s] -- Installing: /home/yilmaz/ros2_ws/install/turtlesim/include/turtlesim/turtlesim/srv/detail/set_pen__struct.h
[19.897s] -- Installing: /home/yilmaz/ros2_ws/install/turtlesim/include/turtlesim/turtlesim/srv/detail/spawn__description.c
[19.897s] -- Installing: /home/yilmaz/ros2_ws/install/turtlesim/include/turtlesim/turtlesim/srv/detail/set_pen__type_support.c
[19.897s] -- Installing: /home/yilmaz/ros2_ws/install/turtlesim/include/turtlesim/turtlesim/srv/detail/spawn__functions.c
[19.897s] -- Installing: /home/yilmaz/ros2_ws/install/turtlesim/include/turtlesim/turtlesim/srv/detail/teleport_relative__functions.h
[19.897s] -- Installing: /home/yilmaz/ros2_ws/install/turtlesim/include/turtlesim/turtlesim/srv/detail/kill__functions.c
[19.897s] -- Installing: /home/yilmaz/ros2_ws/install/turtlesim/include/turtlesim/turtlesim/srv/detail/teleport_relative__struct.h
[19.897s] -- Installing: /home/yilmaz/ros2_ws/install/turtlesim/include/turtlesim/turtlesim/srv/detail/teleport_absolute__type_support.h
[19.897s] -- Installing: /home/yilmaz/ros2_ws/install/turtlesim/include/turtlesim/turtlesim/srv/detail/spawn__type_support.c
[19.897s] -- Installing: /home/yilmaz/ros2_ws/install/turtlesim/include/turtlesim/turtlesim/srv/detail/teleport_relative__functions.c
[19.898s] -- Installing: /home/yilmaz/ros2_ws/install/turtlesim/include/turtlesim/turtlesim/srv/kill.h
[19.898s] -- Installing: /home/yilmaz/ros2_ws/install/turtlesim/include/turtlesim/turtlesim/srv/teleport_absolute.h
[19.898s] -- Installing: /home/yilmaz/ros2_ws/install/turtlesim/include/turtlesim/turtlesim/srv/teleport_relative.h
[19.898s] -- Installing: /home/yilmaz/ros2_ws/install/turtlesim/include/turtlesim/turtlesim/srv/set_pen.h
[19.898s] -- Installing: /home/yilmaz/ros2_ws/install/turtlesim/include/turtlesim/turtlesim/srv/spawn.h
[19.898s] -- Installing: /home/yilmaz/ros2_ws/install/turtlesim/include/turtlesim/turtlesim/action
[19.898s] -- Installing: /home/yilmaz/ros2_ws/install/turtlesim/include/turtlesim/turtlesim/action/detail
[19.898s] -- Installing: /home/yilmaz/ros2_ws/install/turtlesim/include/turtlesim/turtlesim/action/detail/rotate_absolute__struct.h
[19.898s] -- Installing: /home/yilmaz/ros2_ws/install/turtlesim/include/turtlesim/turtlesim/action/detail/rotate_absolute__functions.h
[19.898s] -- Installing: /home/yilmaz/ros2_ws/install/turtlesim/include/turtlesim/turtlesim/action/detail/rotate_absolute__type_support.c
[19.898s] -- Installing: /home/yilmaz/ros2_ws/install/turtlesim/include/turtlesim/turtlesim/action/detail/rotate_absolute__description.c
[19.898s] -- Installing: /home/yilmaz/ros2_ws/install/turtlesim/include/turtlesim/turtlesim/action/detail/rotate_absolute__type_support.h
[19.898s] -- Installing: /home/yilmaz/ros2_ws/install/turtlesim/include/turtlesim/turtlesim/action/detail/rotate_absolute__functions.c
[19.898s] -- Installing: /home/yilmaz/ros2_ws/install/turtlesim/include/turtlesim/turtlesim/action/rotate_absolute.h
[19.898s] -- Installing: /home/yilmaz/ros2_ws/install/turtlesim/share/turtlesim/environment/library_path.sh
[19.898s] -- Installing: /home/yilmaz/ros2_ws/install/turtlesim/share/turtlesim/environment/library_path.dsv
[19.898s] -- Installing: /home/yilmaz/ros2_ws/install/turtlesim/lib/libturtlesim__rosidl_generator_c.so
[19.899s] -- Set non-toolchain portion of runtime path of "/home/yilmaz/ros2_ws/install/turtlesim/lib/libturtlesim__rosidl_generator_c.so" to ""
[19.899s] -- Up-to-date: /home/yilmaz/ros2_ws/install/turtlesim/include/turtlesim/turtlesim
[19.899s] -- Up-to-date: /home/yilmaz/ros2_ws/install/turtlesim/include/turtlesim/turtlesim/msg
[19.899s] -- Up-to-date: /home/yilmaz/ros2_ws/install/turtlesim/include/turtlesim/turtlesim/msg/detail
[19.899s] -- Installing: /home/yilmaz/ros2_ws/install/turtlesim/include/turtlesim/turtlesim/msg/detail/color__rosidl_typesupport_fastrtps_c.h
[19.899s] -- Installing: /home/yilmaz/ros2_ws/install/turtlesim/include/turtlesim/turtlesim/msg/detail/pose__rosidl_typesupport_fastrtps_c.h
[19.899s] -- Installing: /home/yilmaz/ros2_ws/install/turtlesim/include/turtlesim/turtlesim/msg/rosidl_typesupport_fastrtps_c__visibility_control.h
[19.899s] -- Up-to-date: /home/yilmaz/ros2_ws/install/turtlesim/include/turtlesim/turtlesim/srv
[19.899s] -- Up-to-date: /home/yilmaz/ros2_ws/install/turtlesim/include/turtlesim/turtlesim/srv/detail
[19.899s] -- Installing: /home/yilmaz/ros2_ws/install/turtlesim/include/turtlesim/turtlesim/srv/detail/spawn__rosidl_typesupport_fastrtps_c.h
[19.899s] -- Installing: /home/yilmaz/ros2_ws/install/turtlesim/include/turtlesim/turtlesim/srv/detail/teleport_relative__rosidl_typesupport_fastrtps_c.h
[19.899s] -- Installing: /home/yilmaz/ros2_ws/install/turtlesim/include/turtlesim/turtlesim/srv/detail/teleport_absolute__rosidl_typesupport_fastrtps_c.h
[19.899s] -- Installing: /home/yilmaz/ros2_ws/install/turtlesim/include/turtlesim/turtlesim/srv/detail/kill__rosidl_typesupport_fastrtps_c.h
[19.899s] -- Installing: /home/yilmaz/ros2_ws/install/turtlesim/include/turtlesim/turtlesim/srv/detail/set_pen__rosidl_typesupport_fastrtps_c.h
[19.900s] -- Up-to-date: /home/yilmaz/ros2_ws/install/turtlesim/include/turtlesim/turtlesim/action
[19.900s] -- Up-to-date: /home/yilmaz/ros2_ws/install/turtlesim/include/turtlesim/turtlesim/action/detail
[19.900s] -- Installing: /home/yilmaz/ros2_ws/install/turtlesim/include/turtlesim/turtlesim/action/detail/rotate_absolute__rosidl_typesupport_fastrtps_c.h
[19.900s] -- Installing: /home/yilmaz/ros2_ws/install/turtlesim/lib/libturtlesim__rosidl_typesupport_fastrtps_c.so
[19.900s] -- Set non-toolchain portion of runtime path of "/home/yilmaz/ros2_ws/install/turtlesim/lib/libturtlesim__rosidl_typesupport_fastrtps_c.so" to ""
[19.900s] -- Up-to-date: /home/yilmaz/ros2_ws/install/turtlesim/include/turtlesim/turtlesim
[19.900s] -- Up-to-date: /home/yilmaz/ros2_ws/install/turtlesim/include/turtlesim/turtlesim/msg
[19.900s] -- Up-to-date: /home/yilmaz/ros2_ws/install/turtlesim/include/turtlesim/turtlesim/msg/detail
[19.900s] -- Installing: /home/yilmaz/ros2_ws/install/turtlesim/include/turtlesim/turtlesim/msg/detail/pose__traits.hpp
[19.900s] -- Installing: /home/yilmaz/ros2_ws/install/turtlesim/include/turtlesim/turtlesim/msg/detail/pose__struct.hpp
[19.900s] -- Installing: /home/yilmaz/ros2_ws/install/turtlesim/include/turtlesim/turtlesim/msg/detail/pose__type_support.hpp
[19.900s] -- Installing: /home/yilmaz/ros2_ws/install/turtlesim/include/turtlesim/turtlesim/msg/detail/color__struct.hpp
[19.900s] -- Installing: /home/yilmaz/ros2_ws/install/turtlesim/include/turtlesim/turtlesim/msg/detail/color__type_support.hpp
[19.900s] -- Installing: /home/yilmaz/ros2_ws/install/turtlesim/include/turtlesim/turtlesim/msg/detail/color__builder.hpp
[19.900s] -- Installing: /home/yilmaz/ros2_ws/install/turtlesim/include/turtlesim/turtlesim/msg/detail/color__traits.hpp
[19.900s] -- Installing: /home/yilmaz/ros2_ws/install/turtlesim/include/turtlesim/turtlesim/msg/detail/pose__builder.hpp
[19.900s] -- Installing: /home/yilmaz/ros2_ws/install/turtlesim/include/turtlesim/turtlesim/msg/color.hpp
[19.900s] -- Installing: /home/yilmaz/ros2_ws/install/turtlesim/include/turtlesim/turtlesim/msg/rosidl_generator_cpp__visibility_control.hpp
[19.900s] -- Installing: /home/yilmaz/ros2_ws/install/turtlesim/include/turtlesim/turtlesim/msg/pose.hpp
[19.900s] -- Up-to-date: /home/yilmaz/ros2_ws/install/turtlesim/include/turtlesim/turtlesim/srv
[19.900s] -- Up-to-date: /home/yilmaz/ros2_ws/install/turtlesim/include/turtlesim/turtlesim/srv/detail
[19.901s] -- Installing: /home/yilmaz/ros2_ws/install/turtlesim/include/turtlesim/turtlesim/srv/detail/teleport_relative__struct.hpp
[19.901s] -- Installing: /home/yilmaz/ros2_ws/install/turtlesim/include/turtlesim/turtlesim/srv/detail/set_pen__struct.hpp
[19.901s] -- Installing: /home/yilmaz/ros2_ws/install/turtlesim/include/turtlesim/turtlesim/srv/detail/spawn__traits.hpp
[19.901s] -- Installing: /home/yilmaz/ros2_ws/install/turtlesim/include/turtlesim/turtlesim/srv/detail/teleport_relative__builder.hpp
[19.901s] -- Installing: /home/yilmaz/ros2_ws/install/turtlesim/include/turtlesim/turtlesim/srv/detail/kill__builder.hpp
[19.901s] -- Installing: /home/yilmaz/ros2_ws/install/turtlesim/include/turtlesim/turtlesim/srv/detail/set_pen__type_support.hpp
[19.901s] -- Installing: /home/yilmaz/ros2_ws/install/turtlesim/include/turtlesim/turtlesim/srv/detail/kill__traits.hpp
[19.901s] -- Installing: /home/yilmaz/ros2_ws/install/turtlesim/include/turtlesim/turtlesim/srv/detail/spawn__builder.hpp
[19.901s] -- Installing: /home/yilmaz/ros2_ws/install/turtlesim/include/turtlesim/turtlesim/srv/detail/teleport_relative__type_support.hpp
[19.901s] -- Installing: /home/yilmaz/ros2_ws/install/turtlesim/include/turtlesim/turtlesim/srv/detail/teleport_absolute__builder.hpp
[19.901s] -- Installing: /home/yilmaz/ros2_ws/install/turtlesim/include/turtlesim/turtlesim/srv/detail/kill__type_support.hpp
[19.901s] -- Installing: /home/yilmaz/ros2_ws/install/turtlesim/include/turtlesim/turtlesim/srv/detail/spawn__type_support.hpp
[19.901s] -- Installing: /home/yilmaz/ros2_ws/install/turtlesim/include/turtlesim/turtlesim/srv/detail/teleport_absolute__traits.hpp
[19.901s] -- Installing: /home/yilmaz/ros2_ws/install/turtlesim/include/turtlesim/turtlesim/srv/detail/set_pen__traits.hpp
[19.901s] -- Installing: /home/yilmaz/ros2_ws/install/turtlesim/include/turtlesim/turtlesim/srv/detail/set_pen__builder.hpp
[19.901s] -- Installing: /home/yilmaz/ros2_ws/install/turtlesim/include/turtlesim/turtlesim/srv/detail/kill__struct.hpp
[19.901s] -- Installing: /home/yilmaz/ros2_ws/install/turtlesim/include/turtlesim/turtlesim/srv/detail/teleport_absolute__struct.hpp
[19.901s] -- Installing: /home/yilmaz/ros2_ws/install/turtlesim/include/turtlesim/turtlesim/srv/detail/teleport_relative__traits.hpp
[19.901s] -- Installing: /home/yilmaz/ros2_ws/install/turtlesim/include/turtlesim/turtlesim/srv/detail/spawn__struct.hpp
[19.901s] -- Installing: /home/yilmaz/ros2_ws/install/turtlesim/include/turtlesim/turtlesim/srv/detail/teleport_absolute__type_support.hpp
[19.901s] -- Installing: /home/yilmaz/ros2_ws/install/turtlesim/include/turtlesim/turtlesim/srv/spawn.hpp
[19.902s] -- Installing: /home/yilmaz/ros2_ws/install/turtlesim/include/turtlesim/turtlesim/srv/teleport_relative.hpp
[19.902s] -- Installing: /home/yilmaz/ros2_ws/install/turtlesim/include/turtlesim/turtlesim/srv/teleport_absolute.hpp
[19.902s] -- Installing: /home/yilmaz/ros2_ws/install/turtlesim/include/turtlesim/turtlesim/srv/kill.hpp
[19.902s] -- Installing: /home/yilmaz/ros2_ws/install/turtlesim/include/turtlesim/turtlesim/srv/set_pen.hpp
[19.902s] -- Up-to-date: /home/yilmaz/ros2_ws/install/turtlesim/include/turtlesim/turtlesim/action
[19.902s] -- Up-to-date: /home/yilmaz/ros2_ws/install/turtlesim/include/turtlesim/turtlesim/action/detail
[19.902s] -- Installing: /home/yilmaz/ros2_ws/install/turtlesim/include/turtlesim/turtlesim/action/detail/rotate_absolute__struct.hpp
[19.902s] -- Installing: /home/yilmaz/ros2_ws/install/turtlesim/include/turtlesim/turtlesim/action/detail/rotate_absolute__type_support.hpp
[19.902s] -- Installing: /home/yilmaz/ros2_ws/install/turtlesim/include/turtlesim/turtlesim/action/detail/rotate_absolute__traits.hpp
[19.902s] -- Installing: /home/yilmaz/ros2_ws/install/turtlesim/include/turtlesim/turtlesim/action/detail/rotate_absolute__builder.hpp
[19.902s] -- Installing: /home/yilmaz/ros2_ws/install/turtlesim/include/turtlesim/turtlesim/action/rotate_absolute.hpp
[19.902s] -- Up-to-date: /home/yilmaz/ros2_ws/install/turtlesim/include/turtlesim/turtlesim
[19.902s] -- Up-to-date: /home/yilmaz/ros2_ws/install/turtlesim/include/turtlesim/turtlesim/msg
[19.902s] -- Up-to-date: /home/yilmaz/ros2_ws/install/turtlesim/include/turtlesim/turtlesim/msg/detail
[19.902s] -- Installing: /home/yilmaz/ros2_ws/install/turtlesim/include/turtlesim/turtlesim/msg/detail/dds_fastrtps
[19.902s] -- Installing: /home/yilmaz/ros2_ws/install/turtlesim/include/turtlesim/turtlesim/msg/detail/pose__rosidl_typesupport_fastrtps_cpp.hpp
[19.902s] -- Installing: /home/yilmaz/ros2_ws/install/turtlesim/include/turtlesim/turtlesim/msg/detail/color__rosidl_typesupport_fastrtps_cpp.hpp
[19.902s] -- Installing: /home/yilmaz/ros2_ws/install/turtlesim/include/turtlesim/turtlesim/msg/rosidl_typesupport_fastrtps_cpp__visibility_control.h
[19.902s] -- Up-to-date: /home/yilmaz/ros2_ws/install/turtlesim/include/turtlesim/turtlesim/srv
[19.902s] -- Up-to-date: /home/yilmaz/ros2_ws/install/turtlesim/include/turtlesim/turtlesim/srv/detail
[19.903s] -- Installing: /home/yilmaz/ros2_ws/install/turtlesim/include/turtlesim/turtlesim/srv/detail/set_pen__rosidl_typesupport_fastrtps_cpp.hpp
[19.903s] -- Installing: /home/yilmaz/ros2_ws/install/turtlesim/include/turtlesim/turtlesim/srv/detail/teleport_relative__rosidl_typesupport_fastrtps_cpp.hpp
[19.903s] -- Installing: /home/yilmaz/ros2_ws/install/turtlesim/include/turtlesim/turtlesim/srv/detail/teleport_absolute__rosidl_typesupport_fastrtps_cpp.hpp
[19.903s] -- Installing: /home/yilmaz/ros2_ws/install/turtlesim/include/turtlesim/turtlesim/srv/detail/kill__rosidl_typesupport_fastrtps_cpp.hpp
[19.903s] -- Installing: /home/yilmaz/ros2_ws/install/turtlesim/include/turtlesim/turtlesim/srv/detail/spawn__rosidl_typesupport_fastrtps_cpp.hpp
[19.903s] -- Installing: /home/yilmaz/ros2_ws/install/turtlesim/include/turtlesim/turtlesim/srv/detail/dds_fastrtps
[19.903s] -- Up-to-date: /home/yilmaz/ros2_ws/install/turtlesim/include/turtlesim/turtlesim/action
[19.903s] -- Up-to-date: /home/yilmaz/ros2_ws/install/turtlesim/include/turtlesim/turtlesim/action/detail
[19.903s] -- Installing: /home/yilmaz/ros2_ws/install/turtlesim/include/turtlesim/turtlesim/action/detail/dds_fastrtps
[19.903s] -- Installing: /home/yilmaz/ros2_ws/install/turtlesim/include/turtlesim/turtlesim/action/detail/rotate_absolute__rosidl_typesupport_fastrtps_cpp.hpp
[19.903s] -- Installing: /home/yilmaz/ros2_ws/install/turtlesim/lib/libturtlesim__rosidl_typesupport_fastrtps_cpp.so
[19.903s] -- Set non-toolchain portion of runtime path of "/home/yilmaz/ros2_ws/install/turtlesim/lib/libturtlesim__rosidl_typesupport_fastrtps_cpp.so" to ""
[19.903s] -- Up-to-date: /home/yilmaz/ros2_ws/install/turtlesim/include/turtlesim/turtlesim
[19.903s] -- Up-to-date: /home/yilmaz/ros2_ws/install/turtlesim/include/turtlesim/turtlesim/msg
[19.903s] -- Up-to-date: /home/yilmaz/ros2_ws/install/turtlesim/include/turtlesim/turtlesim/msg/detail
[19.903s] -- Installing: /home/yilmaz/ros2_ws/install/turtlesim/include/turtlesim/turtlesim/msg/detail/pose__type_support.c
[19.903s] -- Installing: /home/yilmaz/ros2_ws/install/turtlesim/include/turtlesim/turtlesim/msg/detail/pose__rosidl_typesupport_introspection_c.h
[19.903s] -- Installing: /home/yilmaz/ros2_ws/install/turtlesim/include/turtlesim/turtlesim/msg/detail/color__rosidl_typesupport_introspection_c.h
[19.903s] -- Installing: /home/yilmaz/ros2_ws/install/turtlesim/include/turtlesim/turtlesim/msg/detail/color__type_support.c
[19.904s] -- Installing: /home/yilmaz/ros2_ws/install/turtlesim/include/turtlesim/turtlesim/msg/rosidl_typesupport_introspection_c__visibility_control.h
[19.904s] -- Up-to-date: /home/yilmaz/ros2_ws/install/turtlesim/include/turtlesim/turtlesim/srv
[19.904s] -- Up-to-date: /home/yilmaz/ros2_ws/install/turtlesim/include/turtlesim/turtlesim/srv/detail
[19.904s] -- Installing: /home/yilmaz/ros2_ws/install/turtlesim/include/turtlesim/turtlesim/srv/detail/teleport_absolute__type_support.c
[19.904s] -- Installing: /home/yilmaz/ros2_ws/install/turtlesim/include/turtlesim/turtlesim/srv/detail/spawn__rosidl_typesupport_introspection_c.h
[19.904s] -- Installing: /home/yilmaz/ros2_ws/install/turtlesim/include/turtlesim/turtlesim/srv/detail/teleport_absolute__rosidl_typesupport_introspection_c.h
[19.904s] -- Installing: /home/yilmaz/ros2_ws/install/turtlesim/include/turtlesim/turtlesim/srv/detail/teleport_relative__type_support.c
[19.904s] -- Installing: /home/yilmaz/ros2_ws/install/turtlesim/include/turtlesim/turtlesim/srv/detail/kill__type_support.c
[19.904s] -- Installing: /home/yilmaz/ros2_ws/install/turtlesim/include/turtlesim/turtlesim/srv/detail/set_pen__type_support.c
[19.904s] -- Installing: /home/yilmaz/ros2_ws/install/turtlesim/include/turtlesim/turtlesim/srv/detail/kill__rosidl_typesupport_introspection_c.h
[19.904s] -- Installing: /home/yilmaz/ros2_ws/install/turtlesim/include/turtlesim/turtlesim/srv/detail/set_pen__rosidl_typesupport_introspection_c.h
[19.904s] -- Installing: /home/yilmaz/ros2_ws/install/turtlesim/include/turtlesim/turtlesim/srv/detail/spawn__type_support.c
[19.904s] -- Installing: /home/yilmaz/ros2_ws/install/turtlesim/include/turtlesim/turtlesim/srv/detail/teleport_relative__rosidl_typesupport_introspection_c.h
[19.904s] -- Up-to-date: /home/yilmaz/ros2_ws/install/turtlesim/include/turtlesim/turtlesim/action
[19.904s] -- Up-to-date: /home/yilmaz/ros2_ws/install/turtlesim/include/turtlesim/turtlesim/action/detail
[19.904s] -- Installing: /home/yilmaz/ros2_ws/install/turtlesim/include/turtlesim/turtlesim/action/detail/rotate_absolute__type_support.c
[19.904s] -- Installing: /home/yilmaz/ros2_ws/install/turtlesim/include/turtlesim/turtlesim/action/detail/rotate_absolute__rosidl_typesupport_introspection_c.h
[19.904s] -- Installing: /home/yilmaz/ros2_ws/install/turtlesim/lib/libturtlesim__rosidl_typesupport_introspection_c.so
[19.904s] -- Set non-toolchain portion of runtime path of "/home/yilmaz/ros2_ws/install/turtlesim/lib/libturtlesim__rosidl_typesupport_introspection_c.so" to ""
[19.904s] -- Installing: /home/yilmaz/ros2_ws/install/turtlesim/lib/libturtlesim__rosidl_typesupport_c.so
[19.905s] -- Set non-toolchain portion of runtime path of "/home/yilmaz/ros2_ws/install/turtlesim/lib/libturtlesim__rosidl_typesupport_c.so" to ""
[19.905s] -- Up-to-date: /home/yilmaz/ros2_ws/install/turtlesim/include/turtlesim/turtlesim
[19.905s] -- Up-to-date: /home/yilmaz/ros2_ws/install/turtlesim/include/turtlesim/turtlesim/msg
[19.905s] -- Up-to-date: /home/yilmaz/ros2_ws/install/turtlesim/include/turtlesim/turtlesim/msg/detail
[19.905s] -- Installing: /home/yilmaz/ros2_ws/install/turtlesim/include/turtlesim/turtlesim/msg/detail/pose__type_support.cpp
[19.905s] -- Installing: /home/yilmaz/ros2_ws/install/turtlesim/include/turtlesim/turtlesim/msg/detail/pose__rosidl_typesupport_introspection_cpp.hpp
[19.905s] -- Installing: /home/yilmaz/ros2_ws/install/turtlesim/include/turtlesim/turtlesim/msg/detail/color__rosidl_typesupport_introspection_cpp.hpp
[19.905s] -- Installing: /home/yilmaz/ros2_ws/install/turtlesim/include/turtlesim/turtlesim/msg/detail/color__type_support.cpp
[19.905s] -- Up-to-date: /home/yilmaz/ros2_ws/install/turtlesim/include/turtlesim/turtlesim/srv
[19.905s] -- Up-to-date: /home/yilmaz/ros2_ws/install/turtlesim/include/turtlesim/turtlesim/srv/detail
[19.905s] -- Installing: /home/yilmaz/ros2_ws/install/turtlesim/include/turtlesim/turtlesim/srv/detail/set_pen__rosidl_typesupport_introspection_cpp.hpp
[19.905s] -- Installing: /home/yilmaz/ros2_ws/install/turtlesim/include/turtlesim/turtlesim/srv/detail/spawn__rosidl_typesupport_introspection_cpp.hpp
[19.905s] -- Installing: /home/yilmaz/ros2_ws/install/turtlesim/include/turtlesim/turtlesim/srv/detail/teleport_relative__type_support.cpp
[19.905s] -- Installing: /home/yilmaz/ros2_ws/install/turtlesim/include/turtlesim/turtlesim/srv/detail/teleport_absolute__rosidl_typesupport_introspection_cpp.hpp
[19.905s] -- Installing: /home/yilmaz/ros2_ws/install/turtlesim/include/turtlesim/turtlesim/srv/detail/set_pen__type_support.cpp
[19.905s] -- Installing: /home/yilmaz/ros2_ws/install/turtlesim/include/turtlesim/turtlesim/srv/detail/kill__type_support.cpp
[19.905s] -- Installing: /home/yilmaz/ros2_ws/install/turtlesim/include/turtlesim/turtlesim/srv/detail/kill__rosidl_typesupport_introspection_cpp.hpp
[19.905s] -- Installing: /home/yilmaz/ros2_ws/install/turtlesim/include/turtlesim/turtlesim/srv/detail/teleport_absolute__type_support.cpp
[19.906s] -- Installing: /home/yilmaz/ros2_ws/install/turtlesim/include/turtlesim/turtlesim/srv/detail/teleport_relative__rosidl_typesupport_introspection_cpp.hpp
[19.906s] -- Installing: /home/yilmaz/ros2_ws/install/turtlesim/include/turtlesim/turtlesim/srv/detail/spawn__type_support.cpp
[19.906s] -- Up-to-date: /home/yilmaz/ros2_ws/install/turtlesim/include/turtlesim/turtlesim/action
[19.906s] -- Up-to-date: /home/yilmaz/ros2_ws/install/turtlesim/include/turtlesim/turtlesim/action/detail
[19.906s] -- Installing: /home/yilmaz/ros2_ws/install/turtlesim/include/turtlesim/turtlesim/action/detail/rotate_absolute__rosidl_typesupport_introspection_cpp.hpp
[19.906s] -- Installing: /home/yilmaz/ros2_ws/install/turtlesim/include/turtlesim/turtlesim/action/detail/rotate_absolute__type_support.cpp
[19.906s] -- Installing: /home/yilmaz/ros2_ws/install/turtlesim/lib/libturtlesim__rosidl_typesupport_introspection_cpp.so
[19.906s] -- Set non-toolchain portion of runtime path of "/home/yilmaz/ros2_ws/install/turtlesim/lib/libturtlesim__rosidl_typesupport_introspection_cpp.so" to ""
[19.906s] -- Installing: /home/yilmaz/ros2_ws/install/turtlesim/lib/libturtlesim__rosidl_typesupport_cpp.so
[19.907s] -- Set non-toolchain portion of runtime path of "/home/yilmaz/ros2_ws/install/turtlesim/lib/libturtlesim__rosidl_typesupport_cpp.so" to ""
[19.907s] -- Installing: /home/yilmaz/ros2_ws/install/turtlesim/share/turtlesim/environment/pythonpath.sh
[19.907s] -- Installing: /home/yilmaz/ros2_ws/install/turtlesim/share/turtlesim/environment/pythonpath.dsv
[19.907s] -- Installing: /home/yilmaz/ros2_ws/install/turtlesim/lib/python3.12/site-packages/turtlesim-1.8.3-py3.12.egg-info
[19.907s] -- Installing: /home/yilmaz/ros2_ws/install/turtlesim/lib/python3.12/site-packages/turtlesim-1.8.3-py3.12.egg-info/dependency_links.txt
[19.907s] -- Installing: /home/yilmaz/ros2_ws/install/turtlesim/lib/python3.12/site-packages/turtlesim-1.8.3-py3.12.egg-info/SOURCES.txt
[19.907s] -- Installing: /home/yilmaz/ros2_ws/install/turtlesim/lib/python3.12/site-packages/turtlesim-1.8.3-py3.12.egg-info/PKG-INFO
[19.907s] -- Installing: /home/yilmaz/ros2_ws/install/turtlesim/lib/python3.12/site-packages/turtlesim-1.8.3-py3.12.egg-info/top_level.txt
[19.907s] -- Installing: /home/yilmaz/ros2_ws/install/turtlesim/lib/python3.12/site-packages/turtlesim
[19.907s] -- Installing: /home/yilmaz/ros2_ws/install/turtlesim/lib/python3.12/site-packages/turtlesim/msg
[19.907s] -- Installing: /home/yilmaz/ros2_ws/install/turtlesim/lib/python3.12/site-packages/turtlesim/msg/_color.py
[19.907s] -- Installing: /home/yilmaz/ros2_ws/install/turtlesim/lib/python3.12/site-packages/turtlesim/msg/_pose.py
[19.907s] -- Installing: /home/yilmaz/ros2_ws/install/turtlesim/lib/python3.12/site-packages/turtlesim/msg/__init__.py
[19.907s] -- Installing: /home/yilmaz/ros2_ws/install/turtlesim/lib/python3.12/site-packages/turtlesim/msg/_pose_s.c
[19.907s] -- Installing: /home/yilmaz/ros2_ws/install/turtlesim/lib/python3.12/site-packages/turtlesim/msg/_color_s.c
[19.907s] -- Installing: /home/yilmaz/ros2_ws/install/turtlesim/lib/python3.12/site-packages/turtlesim/srv
[19.907s] -- Installing: /home/yilmaz/ros2_ws/install/turtlesim/lib/python3.12/site-packages/turtlesim/srv/_kill_s.c
[19.908s] -- Installing: /home/yilmaz/ros2_ws/install/turtlesim/lib/python3.12/site-packages/turtlesim/srv/_teleport_absolute.py
[19.908s] -- Installing: /home/yilmaz/ros2_ws/install/turtlesim/lib/python3.12/site-packages/turtlesim/srv/_teleport_relative_s.c
[19.908s] -- Installing: /home/yilmaz/ros2_ws/install/turtlesim/lib/python3.12/site-packages/turtlesim/srv/_kill.py
[19.908s] -- Installing: /home/yilmaz/ros2_ws/install/turtlesim/lib/python3.12/site-packages/turtlesim/srv/_spawn_s.c
[19.908s] -- Installing: /home/yilmaz/ros2_ws/install/turtlesim/lib/python3.12/site-packages/turtlesim/srv/_set_pen.py
[19.908s] -- Installing: /home/yilmaz/ros2_ws/install/turtlesim/lib/python3.12/site-packages/turtlesim/srv/_teleport_relative.py
[19.908s] -- Installing: /home/yilmaz/ros2_ws/install/turtlesim/lib/python3.12/site-packages/turtlesim/srv/__init__.py
[19.908s] -- Installing: /home/yilmaz/ros2_ws/install/turtlesim/lib/python3.12/site-packages/turtlesim/srv/_set_pen_s.c
[19.908s] -- Installing: /home/yilmaz/ros2_ws/install/turtlesim/lib/python3.12/site-packages/turtlesim/srv/_spawn.py
[19.908s] -- Installing: /home/yilmaz/ros2_ws/install/turtlesim/lib/python3.12/site-packages/turtlesim/srv/_teleport_absolute_s.c
[19.908s] -- Installing: /home/yilmaz/ros2_ws/install/turtlesim/lib/python3.12/site-packages/turtlesim/_turtlesim_s.ep.rosidl_typesupport_fastrtps_c.c
[19.908s] -- Installing: /home/yilmaz/ros2_ws/install/turtlesim/lib/python3.12/site-packages/turtlesim/_turtlesim_s.ep.rosidl_typesupport_c.c
[19.908s] -- Installing: /home/yilmaz/ros2_ws/install/turtlesim/lib/python3.12/site-packages/turtlesim/turtlesim_s__rosidl_typesupport_c.so
[19.908s] -- Installing: /home/yilmaz/ros2_ws/install/turtlesim/lib/python3.12/site-packages/turtlesim/turtlesim_s__rosidl_typesupport_introspection_c.so
[19.908s] -- Installing: /home/yilmaz/ros2_ws/install/turtlesim/lib/python3.12/site-packages/turtlesim/_turtlesim_s.ep.rosidl_typesupport_introspection_c.c
[19.909s] -- Installing: /home/yilmaz/ros2_ws/install/turtlesim/lib/python3.12/site-packages/turtlesim/action
[19.909s] -- Installing: /home/yilmaz/ros2_ws/install/turtlesim/lib/python3.12/site-packages/turtlesim/action/_rotate_absolute.py
[19.909s] -- Installing: /home/yilmaz/ros2_ws/install/turtlesim/lib/python3.12/site-packages/turtlesim/action/_rotate_absolute_s.c
[19.909s] -- Installing: /home/yilmaz/ros2_ws/install/turtlesim/lib/python3.12/site-packages/turtlesim/action/__init__.py
[19.909s] -- Installing: /home/yilmaz/ros2_ws/install/turtlesim/lib/python3.12/site-packages/turtlesim/turtlesim_s__rosidl_typesupport_fastrtps_c.so
[19.909s] -- Installing: /home/yilmaz/ros2_ws/install/turtlesim/lib/python3.12/site-packages/turtlesim/__init__.py
[19.957s] Listing '/home/yilmaz/ros2_ws/install/turtlesim/lib/python3.12/site-packages/turtlesim'...
[19.957s] Compiling '/home/yilmaz/ros2_ws/install/turtlesim/lib/python3.12/site-packages/turtlesim/__init__.py'...
[19.957s] Listing '/home/yilmaz/ros2_ws/install/turtlesim/lib/python3.12/site-packages/turtlesim/action'...
[19.957s] Compiling '/home/yilmaz/ros2_ws/install/turtlesim/lib/python3.12/site-packages/turtlesim/action/__init__.py'...
[19.957s] Compiling '/home/yilmaz/ros2_ws/install/turtlesim/lib/python3.12/site-packages/turtlesim/action/_rotate_absolute.py'...
[19.957s] Listing '/home/yilmaz/ros2_ws/install/turtlesim/lib/python3.12/site-packages/turtlesim/msg'...
[19.957s] Compiling '/home/yilmaz/ros2_ws/install/turtlesim/lib/python3.12/site-packages/turtlesim/msg/__init__.py'...
[19.957s] Compiling '/home/yilmaz/ros2_ws/install/turtlesim/lib/python3.12/site-packages/turtlesim/msg/_color.py'...
[19.958s] Compiling '/home/yilmaz/ros2_ws/install/turtlesim/lib/python3.12/site-packages/turtlesim/msg/_pose.py'...
[19.958s] Listing '/home/yilmaz/ros2_ws/install/turtlesim/lib/python3.12/site-packages/turtlesim/srv'...
[19.958s] Compiling '/home/yilmaz/ros2_ws/install/turtlesim/lib/python3.12/site-packages/turtlesim/srv/__init__.py'...
[19.958s] Compiling '/home/yilmaz/ros2_ws/install/turtlesim/lib/python3.12/site-packages/turtlesim/srv/_kill.py'...
[19.958s] Compiling '/home/yilmaz/ros2_ws/install/turtlesim/lib/python3.12/site-packages/turtlesim/srv/_set_pen.py'...
[19.958s] Compiling '/home/yilmaz/ros2_ws/install/turtlesim/lib/python3.12/site-packages/turtlesim/srv/_spawn.py'...
[19.958s] Compiling '/home/yilmaz/ros2_ws/install/turtlesim/lib/python3.12/site-packages/turtlesim/srv/_teleport_absolute.py'...
[19.958s] Compiling '/home/yilmaz/ros2_ws/install/turtlesim/lib/python3.12/site-packages/turtlesim/srv/_teleport_relative.py'...
[19.961s] -- Installing: /home/yilmaz/ros2_ws/install/turtlesim/lib/python3.12/site-packages/turtlesim/turtlesim_s__rosidl_typesupport_fastrtps_c.so
[19.961s] -- Set non-toolchain portion of runtime path of "/home/yilmaz/ros2_ws/install/turtlesim/lib/python3.12/site-packages/turtlesim/turtlesim_s__rosidl_typesupport_fastrtps_c.so" to ""
[19.961s] -- Installing: /home/yilmaz/ros2_ws/install/turtlesim/lib/python3.12/site-packages/turtlesim/turtlesim_s__rosidl_typesupport_introspection_c.so
[19.961s] -- Set non-toolchain portion of runtime path of "/home/yilmaz/ros2_ws/install/turtlesim/lib/python3.12/site-packages/turtlesim/turtlesim_s__rosidl_typesupport_introspection_c.so" to ""
[19.961s] -- Installing: /home/yilmaz/ros2_ws/install/turtlesim/lib/python3.12/site-packages/turtlesim/turtlesim_s__rosidl_typesupport_c.so
[19.962s] -- Set non-toolchain portion of runtime path of "/home/yilmaz/ros2_ws/install/turtlesim/lib/python3.12/site-packages/turtlesim/turtlesim_s__rosidl_typesupport_c.so" to ""
[19.962s] -- Installing: /home/yilmaz/ros2_ws/install/turtlesim/lib/libturtlesim__rosidl_generator_py.so
[19.962s] -- Set non-toolchain portion of runtime path of "/home/yilmaz/ros2_ws/install/turtlesim/lib/libturtlesim__rosidl_generator_py.so" to ""
[19.962s] -- Installing: /home/yilmaz/ros2_ws/install/turtlesim/share/turtlesim/action/RotateAbsolute.idl
[19.962s] -- Installing: /home/yilmaz/ros2_ws/install/turtlesim/share/turtlesim/msg/Color.idl
[19.962s] -- Installing: /home/yilmaz/ros2_ws/install/turtlesim/share/turtlesim/msg/Pose.idl
[19.962s] -- Installing: /home/yilmaz/ros2_ws/install/turtlesim/share/turtlesim/srv/Kill.idl
[19.962s] -- Installing: /home/yilmaz/ros2_ws/install/turtlesim/share/turtlesim/srv/SetPen.idl
[19.962s] -- Installing: /home/yilmaz/ros2_ws/install/turtlesim/share/turtlesim/srv/Spawn.idl
[19.962s] -- Installing: /home/yilmaz/ros2_ws/install/turtlesim/share/turtlesim/srv/TeleportAbsolute.idl
[19.962s] -- Installing: /home/yilmaz/ros2_ws/install/turtlesim/share/turtlesim/srv/TeleportRelative.idl
[19.962s] -- Installing: /home/yilmaz/ros2_ws/install/turtlesim/share/turtlesim/action/RotateAbsolute.action
[19.962s] -- Installing: /home/yilmaz/ros2_ws/install/turtlesim/share/turtlesim/msg/Color.msg
[19.962s] -- Installing: /home/yilmaz/ros2_ws/install/turtlesim/share/turtlesim/msg/Pose.msg
[19.962s] -- Installing: /home/yilmaz/ros2_ws/install/turtlesim/share/turtlesim/srv/Kill.srv
[19.963s] -- Installing: /home/yilmaz/ros2_ws/install/turtlesim/share/turtlesim/srv/SetPen.srv
[19.963s] -- Installing: /home/yilmaz/ros2_ws/install/turtlesim/share/turtlesim/srv/Spawn.srv
[19.963s] -- Installing: /home/yilmaz/ros2_ws/install/turtlesim/share/turtlesim/srv/TeleportAbsolute.srv
[19.963s] -- Installing: /home/yilmaz/ros2_ws/install/turtlesim/share/turtlesim/srv/TeleportRelative.srv
[19.963s] -- Installing: /home/yilmaz/ros2_ws/install/turtlesim/lib/turtlesim/turtlesim_node
[19.969s] -- Set non-toolchain portion of runtime path of "/home/yilmaz/ros2_ws/install/turtlesim/lib/turtlesim/turtlesim_node" to ""
[19.969s] -- Installing: /home/yilmaz/ros2_ws/install/turtlesim/lib/turtlesim/turtle_teleop_key
[19.970s] -- Set non-toolchain portion of runtime path of "/home/yilmaz/ros2_ws/install/turtlesim/lib/turtlesim/turtle_teleop_key" to ""
[19.970s] -- Installing: /home/yilmaz/ros2_ws/install/turtlesim/lib/turtlesim/draw_square
[19.972s] -- Set non-toolchain portion of runtime path of "/home/yilmaz/ros2_ws/install/turtlesim/lib/turtlesim/draw_square" to ""
[19.972s] -- Installing: /home/yilmaz/ros2_ws/install/turtlesim/lib/turtlesim/mimic
[19.975s] -- Set non-toolchain portion of runtime path of "/home/yilmaz/ros2_ws/install/turtlesim/lib/turtlesim/mimic" to ""
[19.975s] -- Installing: /home/yilmaz/ros2_ws/install/turtlesim/share/turtlesim/images
[19.975s] -- Installing: /home/yilmaz/ros2_ws/install/turtlesim/share/turtlesim/images/dashing.png
[19.975s] -- Installing: /home/yilmaz/ros2_ws/install/turtlesim/share/turtlesim/images/ardent.png
[19.975s] -- Installing: /home/yilmaz/ros2_ws/install/turtlesim/share/turtlesim/images/rolling.png
[19.975s] -- Installing: /home/yilmaz/ros2_ws/install/turtlesim/share/turtlesim/images/humble.png
[19.975s] -- Installing: /home/yilmaz/ros2_ws/install/turtlesim/share/turtlesim/images/eloquent.png
[19.975s] -- Installing: /home/yilmaz/ros2_ws/install/turtlesim/share/turtlesim/images/foxy.png
[19.975s] -- Installing: /home/yilmaz/ros2_ws/install/turtlesim/share/turtlesim/images/jazzy.png
[19.975s] -- Installing: /home/yilmaz/ros2_ws/install/turtlesim/share/turtlesim/images/galactic.png
[19.975s] -- Installing: /home/yilmaz/ros2_ws/install/turtlesim/share/turtlesim/images/bouncy.png
[19.975s] -- Installing: /home/yilmaz/ros2_ws/install/turtlesim/share/turtlesim/images/crystal.png
[19.975s] -- Installing: /home/yilmaz/ros2_ws/install/turtlesim/share/turtlesim/images/iron.png
[19.975s] -- Installing: /home/yilmaz/ros2_ws/install/turtlesim/share/turtlesim/launch
[19.976s] -- Installing: /home/yilmaz/ros2_ws/install/turtlesim/share/turtlesim/launch/multisim.launch.py
[19.976s] -- Installing: /home/yilmaz/ros2_ws/install/turtlesim/share/ament_index/resource_index/package_run_dependencies/turtlesim
[19.976s] -- Installing: /home/yilmaz/ros2_ws/install/turtlesim/share/ament_index/resource_index/parent_prefix_path/turtlesim
[19.976s] -- Installing: /home/yilmaz/ros2_ws/install/turtlesim/share/turtlesim/environment/ament_prefix_path.sh
[19.976s] -- Installing: /home/yilmaz/ros2_ws/install/turtlesim/share/turtlesim/environment/ament_prefix_path.dsv
[19.976s] -- Installing: /home/yilmaz/ros2_ws/install/turtlesim/share/turtlesim/environment/path.sh
[19.976s] -- Installing: /home/yilmaz/ros2_ws/install/turtlesim/share/turtlesim/environment/path.dsv
[19.976s] -- Installing: /home/yilmaz/ros2_ws/install/turtlesim/share/turtlesim/local_setup.bash
[19.976s] -- Installing: /home/yilmaz/ros2_ws/install/turtlesim/share/turtlesim/local_setup.sh
[19.976s] -- Installing: /home/yilmaz/ros2_ws/install/turtlesim/share/turtlesim/local_setup.zsh
[19.976s] -- Installing: /home/yilmaz/ros2_ws/install/turtlesim/share/turtlesim/local_setup.dsv
[19.976s] -- Installing: /home/yilmaz/ros2_ws/install/turtlesim/share/turtlesim/package.dsv
[19.976s] -- Installing: /home/yilmaz/ros2_ws/install/turtlesim/share/ament_index/resource_index/packages/turtlesim
[19.977s] -- Installing: /home/yilmaz/ros2_ws/install/turtlesim/share/turtlesim/cmake/export_turtlesim__rosidl_generator_cExport.cmake
[19.977s] -- Installing: /home/yilmaz/ros2_ws/install/turtlesim/share/turtlesim/cmake/export_turtlesim__rosidl_generator_cExport-noconfig.cmake
[19.977s] -- Installing: /home/yilmaz/ros2_ws/install/turtlesim/share/turtlesim/cmake/export_turtlesim__rosidl_typesupport_fastrtps_cExport.cmake
[19.977s] -- Installing: /home/yilmaz/ros2_ws/install/turtlesim/share/turtlesim/cmake/export_turtlesim__rosidl_typesupport_fastrtps_cExport-noconfig.cmake
[19.977s] -- Installing: /home/yilmaz/ros2_ws/install/turtlesim/share/turtlesim/cmake/export_turtlesim__rosidl_generator_cppExport.cmake
[19.977s] -- Installing: /home/yilmaz/ros2_ws/install/turtlesim/share/turtlesim/cmake/export_turtlesim__rosidl_typesupport_fastrtps_cppExport.cmake
[19.977s] -- Installing: /home/yilmaz/ros2_ws/install/turtlesim/share/turtlesim/cmake/export_turtlesim__rosidl_typesupport_fastrtps_cppExport-noconfig.cmake
[19.977s] -- Installing: /home/yilmaz/ros2_ws/install/turtlesim/share/turtlesim/cmake/turtlesim__rosidl_typesupport_introspection_cExport.cmake
[19.977s] -- Installing: /home/yilmaz/ros2_ws/install/turtlesim/share/turtlesim/cmake/turtlesim__rosidl_typesupport_introspection_cExport-noconfig.cmake
[19.977s] -- Installing: /home/yilmaz/ros2_ws/install/turtlesim/share/turtlesim/cmake/turtlesim__rosidl_typesupport_cExport.cmake
[19.977s] -- Installing: /home/yilmaz/ros2_ws/install/turtlesim/share/turtlesim/cmake/turtlesim__rosidl_typesupport_cExport-noconfig.cmake
[19.977s] -- Installing: /home/yilmaz/ros2_ws/install/turtlesim/share/turtlesim/cmake/turtlesim__rosidl_typesupport_introspection_cppExport.cmake
[19.977s] -- Installing: /home/yilmaz/ros2_ws/install/turtlesim/share/turtlesim/cmake/turtlesim__rosidl_typesupport_introspection_cppExport-noconfig.cmake
[19.977s] -- Installing: /home/yilmaz/ros2_ws/install/turtlesim/share/turtlesim/cmake/turtlesim__rosidl_typesupport_cppExport.cmake
[19.977s] -- Installing: /home/yilmaz/ros2_ws/install/turtlesim/share/turtlesim/cmake/turtlesim__rosidl_typesupport_cppExport-noconfig.cmake
[19.978s] -- Installing: /home/yilmaz/ros2_ws/install/turtlesim/share/turtlesim/cmake/export_turtlesim__rosidl_generator_pyExport.cmake
[19.978s] -- Installing: /home/yilmaz/ros2_ws/install/turtlesim/share/turtlesim/cmake/export_turtlesim__rosidl_generator_pyExport-noconfig.cmake
[19.978s] -- Installing: /home/yilmaz/ros2_ws/install/turtlesim/share/turtlesim/cmake/rosidl_cmake-extras.cmake
[19.978s] -- Installing: /home/yilmaz/ros2_ws/install/turtlesim/share/turtlesim/cmake/ament_cmake_export_dependencies-extras.cmake
[19.978s] -- Installing: /home/yilmaz/ros2_ws/install/turtlesim/share/turtlesim/cmake/ament_cmake_export_include_directories-extras.cmake
[19.978s] -- Installing: /home/yilmaz/ros2_ws/install/turtlesim/share/turtlesim/cmake/ament_cmake_export_libraries-extras.cmake
[19.979s] -- Installing: /home/yilmaz/ros2_ws/install/turtlesim/share/turtlesim/cmake/ament_cmake_export_targets-extras.cmake
[19.979s] -- Installing: /home/yilmaz/ros2_ws/install/turtlesim/share/turtlesim/cmake/rosidl_cmake_export_typesupport_targets-extras.cmake
[19.979s] -- Installing: /home/yilmaz/ros2_ws/install/turtlesim/share/turtlesim/cmake/rosidl_cmake_export_typesupport_libraries-extras.cmake
[19.979s] -- Installing: /home/yilmaz/ros2_ws/install/turtlesim/share/turtlesim/cmake/turtlesimConfig.cmake
[19.979s] -- Installing: /home/yilmaz/ros2_ws/install/turtlesim/share/turtlesim/cmake/turtlesimConfig-version.cmake
[19.979s] -- Installing: /home/yilmaz/ros2_ws/install/turtlesim/share/turtlesim/package.xml
[19.980s] Invoked command in '/home/yilmaz/ros2_ws/build/turtlesim' returned '0': CMAKE_PREFIX_PATH=${CMAKE_PREFIX_PATH}:/opt/ros/jazzy DEBUGINFOD_URLS=https://debuginfod.ubuntu.com /usr/bin/cmake --install /home/yilmaz/ros2_ws/build/turtlesim
