[0.007s] Invoking command in '/home/yilmaz/ros2_ws/build/cpp_pubsub': CMAKE_PREFIX_PATH=${CMAKE_PREFIX_PATH}:/opt/ros/jazzy DEBUGINFOD_URLS=https://debuginfod.ubuntu.com /usr/bin/cmake --build /home/yilmaz/ros2_ws/build/cpp_pubsub -- -j16 -l16
[0.023s] -- Found ament_cmake: 2.5.4 (/opt/ros/jazzy/share/ament_cmake/cmake)
[0.159s] -- Found rclcpp: 28.1.10 (/opt/ros/jazzy/share/rclcpp/cmake)
[0.175s] -- Found rosidl_generator_c: 4.6.5 (/opt/ros/jazzy/share/rosidl_generator_c/cmake)
[0.181s] -- Found rosidl_generator_cpp: 4.6.5 (/opt/ros/jazzy/share/rosidl_generator_cpp/cmake)
[0.189s] -- Using all available rosidl_typesupport_c: rosidl_typesupport_fastrtps_c;rosidl_typesupport_introspection_c
[0.197s] -- Using all available rosidl_typesupport_cpp: rosidl_typesupport_fastrtps_cpp;rosidl_typesupport_introspection_cpp
[0.237s] -- Found rmw_implementation_cmake: 7.3.2 (/opt/ros/jazzy/share/rmw_implementation_cmake/cmake)
[0.238s] -- Found rmw_fastrtps_cpp: 8.4.2 (/opt/ros/jazzy/share/rmw_fastrtps_cpp/cmake)
[0.278s] -- Using RMW implementation 'rmw_fastrtps_cpp' as default
[0.318s] -- Found std_msgs: 5.3.6 (/opt/ros/jazzy/share/std_msgs/cmake)
[0.328s] -- Found ament_lint_auto: 0.17.2 (/opt/ros/jazzy/share/ament_lint_auto/cmake)
[0.387s] -- Added test 'cppcheck' to perform static code analysis on C / C++ code
[0.387s] -- Configured cppcheck include dirs: 
[0.388s] -- Configured cppcheck exclude dirs and/or files: 
[0.388s] -- Added test 'lint_cmake' to check CMake code style
[0.389s] -- Added test 'uncrustify' to check C / C++ code style
[0.389s] -- Configured uncrustify additional arguments: 
[0.389s] -- Added test 'xmllint' to check XML markup files
[0.390s] -- Configuring done (0.4s)
[0.400s] -- Generating done (0.0s)
[0.405s] -- Build files have been written to: /home/yilmaz/ros2_ws/build/cpp_pubsub
[0.428s] [ 25%] [32mBuilding CXX object CMakeFiles/listener.dir/src/subscriber_lambda_function.cpp.o[0m
[0.433s] [ 75%] Built target talker
[5.137s] [100%] [32m[1mLinking CXX executable listener[0m
[5.285s] [100%] Built target listener
[5.292s] Invoked command in '/home/yilmaz/ros2_ws/build/cpp_pubsub' returned '0': CMAKE_PREFIX_PATH=${CMAKE_PREFIX_PATH}:/opt/ros/jazzy DEBUGINFOD_URLS=https://debuginfod.ubuntu.com /usr/bin/cmake --build /home/yilmaz/ros2_ws/build/cpp_pubsub -- -j16 -l16
[5.298s] Invoking command in '/home/yilmaz/ros2_ws/build/cpp_pubsub': CMAKE_PREFIX_PATH=${CMAKE_PREFIX_PATH}:/opt/ros/jazzy DEBUGINFOD_URLS=https://debuginfod.ubuntu.com /usr/bin/cmake --install /home/yilmaz/ros2_ws/build/cpp_pubsub
[5.303s] -- Install configuration: ""
[5.303s] -- Up-to-date: /home/yilmaz/ros2_ws/install/cpp_pubsub/lib/cpp_pubsub/talker
[5.303s] -- Installing: /home/yilmaz/ros2_ws/install/cpp_pubsub/lib/cpp_pubsub/listener
[5.305s] -- Set non-toolchain portion of runtime path of "/home/yilmaz/ros2_ws/install/cpp_pubsub/lib/cpp_pubsub/listener" to ""
[5.305s] -- Up-to-date: /home/yilmaz/ros2_ws/install/cpp_pubsub/share/ament_index/resource_index/package_run_dependencies/cpp_pubsub
[5.305s] -- Installing: /home/yilmaz/ros2_ws/install/cpp_pubsub/share/ament_index/resource_index/parent_prefix_path/cpp_pubsub
[5.305s] -- Up-to-date: /home/yilmaz/ros2_ws/install/cpp_pubsub/share/cpp_pubsub/environment/ament_prefix_path.sh
[5.305s] -- Up-to-date: /home/yilmaz/ros2_ws/install/cpp_pubsub/share/cpp_pubsub/environment/ament_prefix_path.dsv
[5.305s] -- Up-to-date: /home/yilmaz/ros2_ws/install/cpp_pubsub/share/cpp_pubsub/environment/path.sh
[5.305s] -- Up-to-date: /home/yilmaz/ros2_ws/install/cpp_pubsub/share/cpp_pubsub/environment/path.dsv
[5.305s] -- Up-to-date: /home/yilmaz/ros2_ws/install/cpp_pubsub/share/cpp_pubsub/local_setup.bash
[5.305s] -- Up-to-date: /home/yilmaz/ros2_ws/install/cpp_pubsub/share/cpp_pubsub/local_setup.sh
[5.306s] -- Up-to-date: /home/yilmaz/ros2_ws/install/cpp_pubsub/share/cpp_pubsub/local_setup.zsh
[5.306s] -- Up-to-date: /home/yilmaz/ros2_ws/install/cpp_pubsub/share/cpp_pubsub/local_setup.dsv
[5.306s] -- Installing: /home/yilmaz/ros2_ws/install/cpp_pubsub/share/cpp_pubsub/package.dsv
[5.306s] -- Up-to-date: /home/yilmaz/ros2_ws/install/cpp_pubsub/share/ament_index/resource_index/packages/cpp_pubsub
[5.306s] -- Up-to-date: /home/yilmaz/ros2_ws/install/cpp_pubsub/share/cpp_pubsub/cmake/cpp_pubsubConfig.cmake
[5.306s] -- Up-to-date: /home/yilmaz/ros2_ws/install/cpp_pubsub/share/cpp_pubsub/cmake/cpp_pubsubConfig-version.cmake
[5.306s] -- Up-to-date: /home/yilmaz/ros2_ws/install/cpp_pubsub/share/cpp_pubsub/package.xml
[5.306s] Invoked command in '/home/yilmaz/ros2_ws/build/cpp_pubsub' returned '0': CMAKE_PREFIX_PATH=${CMAKE_PREFIX_PATH}:/opt/ros/jazzy DEBUGINFOD_URLS=https://debuginfod.ubuntu.com /usr/bin/cmake --install /home/yilmaz/ros2_ws/build/cpp_pubsub
