[0.007s] Invoking command in '/home/yilmaz/ros2_ws/build/cpp_pubsub': CMAKE_PREFIX_PATH=${CMAKE_PREFIX_PATH}:/opt/ros/jazzy DEBUGINFOD_URLS=https://debuginfod.ubuntu.com /usr/bin/cmake --build /home/yilmaz/ros2_ws/build/cpp_pubsub -- -j16 -l16
[0.047s] [100%] Built target listener
[0.047s] [100%] Built target talker
[0.054s] Invoked command in '/home/yilmaz/ros2_ws/build/cpp_pubsub' returned '0': CMAKE_PREFIX_PATH=${CMAKE_PREFIX_PATH}:/opt/ros/jazzy DEBUGINFOD_URLS=https://debuginfod.ubuntu.com /usr/bin/cmake --build /home/yilmaz/ros2_ws/build/cpp_pubsub -- -j16 -l16
[0.059s] Invoking command in '/home/yilmaz/ros2_ws/build/cpp_pubsub': CMAKE_PREFIX_PATH=${CMAKE_PREFIX_PATH}:/opt/ros/jazzy DEBUGINFOD_URLS=https://debuginfod.ubuntu.com /usr/bin/cmake --install /home/yilmaz/ros2_ws/build/cpp_pubsub
[0.064s] -- Install configuration: ""
[0.064s] -- Up-to-date: /home/yilmaz/ros2_ws/install/cpp_pubsub/lib/cpp_pubsub/talker
[0.064s] -- Up-to-date: /home/yilmaz/ros2_ws/install/cpp_pubsub/lib/cpp_pubsub/listener
[0.064s] -- Up-to-date: /home/yilmaz/ros2_ws/install/cpp_pubsub/share/ament_index/resource_index/package_run_dependencies/cpp_pubsub
[0.064s] -- Up-to-date: /home/yilmaz/ros2_ws/install/cpp_pubsub/share/ament_index/resource_index/parent_prefix_path/cpp_pubsub
[0.064s] -- Up-to-date: /home/yilmaz/ros2_ws/install/cpp_pubsub/share/cpp_pubsub/environment/ament_prefix_path.sh
[0.064s] -- Up-to-date: /home/yilmaz/ros2_ws/install/cpp_pubsub/share/cpp_pubsub/environment/ament_prefix_path.dsv
[0.064s] -- Up-to-date: /home/yilmaz/ros2_ws/install/cpp_pubsub/share/cpp_pubsub/environment/path.sh
[0.064s] -- Up-to-date: /home/yilmaz/ros2_ws/install/cpp_pubsub/share/cpp_pubsub/environment/path.dsv
[0.064s] -- Up-to-date: /home/yilmaz/ros2_ws/install/cpp_pubsub/share/cpp_pubsub/local_setup.bash
[0.064s] -- Up-to-date: /home/yilmaz/ros2_ws/install/cpp_pubsub/share/cpp_pubsub/local_setup.sh
[0.064s] -- Up-to-date: /home/yilmaz/ros2_ws/install/cpp_pubsub/share/cpp_pubsub/local_setup.zsh
[0.064s] -- Up-to-date: /home/yilmaz/ros2_ws/install/cpp_pubsub/share/cpp_pubsub/local_setup.dsv
[0.064s] -- Installing: /home/yilmaz/ros2_ws/install/cpp_pubsub/share/cpp_pubsub/package.dsv
[0.064s] -- Up-to-date: /home/yilmaz/ros2_ws/install/cpp_pubsub/share/ament_index/resource_index/packages/cpp_pubsub
[0.064s] -- Up-to-date: /home/yilmaz/ros2_ws/install/cpp_pubsub/share/cpp_pubsub/cmake/cpp_pubsubConfig.cmake
[0.065s] -- Up-to-date: /home/yilmaz/ros2_ws/install/cpp_pubsub/share/cpp_pubsub/cmake/cpp_pubsubConfig-version.cmake
[0.065s] -- Up-to-date: /home/yilmaz/ros2_ws/install/cpp_pubsub/share/cpp_pubsub/package.xml
[0.065s] Invoked command in '/home/yilmaz/ros2_ws/build/cpp_pubsub' returned '0': CMAKE_PREFIX_PATH=${CMAKE_PREFIX_PATH}:/opt/ros/jazzy DEBUGINFOD_URLS=https://debuginfod.ubuntu.com /usr/bin/cmake --install /home/yilmaz/ros2_ws/build/cpp_pubsub
