[0.008s] Invoking command in '/home/yilmaz/ros2_ws/build/my_package': CMAKE_PREFIX_PATH=${CMAKE_PREFIX_PATH}:/opt/ros/jazzy DEBUGINFOD_URLS=https://debuginfod.ubuntu.com /usr/bin/cmake /home/yilmaz/ros2_ws/src/my_package -DCMAKE_INSTALL_PREFIX=/home/yilmaz/ros2_ws/install/my_package
[0.052s] -- The C compiler identification is GNU 13.3.0
[0.103s] -- The CXX compiler identification is GNU 13.3.0
[0.118s] -- Detecting C compiler ABI info
[0.203s] -- Detecting C compiler ABI info - done
[0.210s] -- Check for working C compiler: /usr/bin/cc - skipped
[0.210s] -- Detecting C compile features
[0.212s] -- Detecting C compile features - done
[0.220s] -- Detecting CXX compiler ABI info
[0.292s] -- Detecting CXX compiler ABI info - done
[0.300s] -- Check for working CXX compiler: /usr/bin/c++ - skipped
[0.300s] -- Detecting CXX compile features
[0.300s] -- Detecting CXX compile features - done
[0.302s] -- Found ament_cmake: 2.5.4 (/opt/ros/jazzy/share/ament_cmake/cmake)
[0.417s] -- Found Python3: /usr/bin/python3 (found version "3.12.3") found components: Interpreter 
[0.503s] -- Found ament_lint_auto: 0.17.2 (/opt/ros/jazzy/share/ament_lint_auto/cmake)
[0.585s] -- Added test 'cppcheck' to perform static code analysis on C / C++ code
[0.585s] -- Configured cppcheck include dirs: $<BUILD_INTERFACE:/home/yilmaz/ros2_ws/src/my_package/include>
[0.585s] -- Configured cppcheck exclude dirs and/or files: 
[0.586s] -- Added test 'lint_cmake' to check CMake code style
[0.586s] -- Added test 'uncrustify' to check C / C++ code style
[0.586s] -- Configured uncrustify additional arguments: 
[0.587s] -- Added test 'xmllint' to check XML markup files
[0.588s] -- Configuring done (0.6s)
[0.590s] -- Generating done (0.0s)
[0.592s] -- Build files have been written to: /home/yilmaz/ros2_ws/build/my_package
[0.595s] Invoked command in '/home/yilmaz/ros2_ws/build/my_package' returned '0': CMAKE_PREFIX_PATH=${CMAKE_PREFIX_PATH}:/opt/ros/jazzy DEBUGINFOD_URLS=https://debuginfod.ubuntu.com /usr/bin/cmake /home/yilmaz/ros2_ws/src/my_package -DCMAKE_INSTALL_PREFIX=/home/yilmaz/ros2_ws/install/my_package
[0.596s] Invoking command in '/home/yilmaz/ros2_ws/build/my_package': CMAKE_PREFIX_PATH=${CMAKE_PREFIX_PATH}:/opt/ros/jazzy DEBUGINFOD_URLS=https://debuginfod.ubuntu.com /usr/bin/cmake --build /home/yilmaz/ros2_ws/build/my_package -- -j16 -l16
[0.629s] [ 50%] [32mBuilding CXX object CMakeFiles/my_node.dir/src/my_node.cpp.o[0m
[0.649s] [100%] [32m[1mLinking CXX executable my_node[0m
[0.678s] [100%] Built target my_node
[0.685s] Invoked command in '/home/yilmaz/ros2_ws/build/my_package' returned '0': CMAKE_PREFIX_PATH=${CMAKE_PREFIX_PATH}:/opt/ros/jazzy DEBUGINFOD_URLS=https://debuginfod.ubuntu.com /usr/bin/cmake --build /home/yilmaz/ros2_ws/build/my_package -- -j16 -l16
[0.686s] Invoking command in '/home/yilmaz/ros2_ws/build/my_package': CMAKE_PREFIX_PATH=${CMAKE_PREFIX_PATH}:/opt/ros/jazzy DEBUGINFOD_URLS=https://debuginfod.ubuntu.com /usr/bin/cmake --install /home/yilmaz/ros2_ws/build/my_package
[0.691s] -- Install configuration: ""
[0.691s] -- Installing: /home/yilmaz/ros2_ws/install/my_package/lib/my_package/my_node
[0.691s] -- Installing: /home/yilmaz/ros2_ws/install/my_package/share/ament_index/resource_index/package_run_dependencies/my_package
[0.691s] -- Installing: /home/yilmaz/ros2_ws/install/my_package/share/ament_index/resource_index/parent_prefix_path/my_package
[0.691s] -- Installing: /home/yilmaz/ros2_ws/install/my_package/share/my_package/environment/ament_prefix_path.sh
[0.691s] -- Installing: /home/yilmaz/ros2_ws/install/my_package/share/my_package/environment/ament_prefix_path.dsv
[0.691s] -- Installing: /home/yilmaz/ros2_ws/install/my_package/share/my_package/environment/path.sh
[0.691s] -- Installing: /home/yilmaz/ros2_ws/install/my_package/share/my_package/environment/path.dsv
[0.691s] -- Installing: /home/yilmaz/ros2_ws/install/my_package/share/my_package/local_setup.bash
[0.691s] -- Installing: /home/yilmaz/ros2_ws/install/my_package/share/my_package/local_setup.sh
[0.692s] -- Installing: /home/yilmaz/ros2_ws/install/my_package/share/my_package/local_setup.zsh
[0.692s] -- Installing: /home/yilmaz/ros2_ws/install/my_package/share/my_package/local_setup.dsv
[0.692s] -- Installing: /home/yilmaz/ros2_ws/install/my_package/share/my_package/package.dsv
[0.692s] -- Installing: /home/yilmaz/ros2_ws/install/my_package/share/ament_index/resource_index/packages/my_package
[0.692s] -- Installing: /home/yilmaz/ros2_ws/install/my_package/share/my_package/cmake/my_packageConfig.cmake
[0.692s] -- Installing: /home/yilmaz/ros2_ws/install/my_package/share/my_package/cmake/my_packageConfig-version.cmake
[0.692s] -- Installing: /home/yilmaz/ros2_ws/install/my_package/share/my_package/package.xml
[0.693s] Invoked command in '/home/yilmaz/ros2_ws/build/my_package' returned '0': CMAKE_PREFIX_PATH=${CMAKE_PREFIX_PATH}:/opt/ros/jazzy DEBUGINFOD_URLS=https://debuginfod.ubuntu.com /usr/bin/cmake --install /home/yilmaz/ros2_ws/build/my_package
